[    0.000000] Linux version 5.15.0-rc7+ (mounicakamireddy@ubuntu) (gcc (Ubuntu 9.3.0-17ubuntu1~20.04) 9.3.0, GNU ld (GNU Binutils for Ubuntu) 2.34) #1 SMP Sun Oct 31 23:50:54 PDT 2021
[    0.000000] Command line: BOOT_IMAGE=/boot/vmlinuz-5.15.0-rc7+ root=UUID=d71893f9-77a6-4225-b823-f4f4f1fb3509 ro find_preseed=/preseed.cfg auto noprompt priority=critical locale=en_US quiet
[    0.000000] KERNEL supported cpus:
[    0.000000]   Intel GenuineIntel
[    0.000000]   AMD AuthenticAMD
[    0.000000]   Hygon HygonGenuine
[    0.000000]   Centaur CentaurHauls
[    0.000000]   zhaoxin   Shanghai  
[    0.000000] x86/fpu: Supporting XSAVE feature 0x001: 'x87 floating point registers'
[    0.000000] x86/fpu: Supporting XSAVE feature 0x002: 'SSE registers'
[    0.000000] x86/fpu: Supporting XSAVE feature 0x004: 'AVX registers'
[    0.000000] x86/fpu: Supporting XSAVE feature 0x020: 'AVX-512 opmask'
[    0.000000] x86/fpu: Supporting XSAVE feature 0x040: 'AVX-512 Hi256'
[    0.000000] x86/fpu: Supporting XSAVE feature 0x080: 'AVX-512 ZMM_Hi256'
[    0.000000] x86/fpu: xstate_offset[2]:  576, xstate_sizes[2]:  256
[    0.000000] x86/fpu: xstate_offset[5]:  832, xstate_sizes[5]:   64
[    0.000000] x86/fpu: xstate_offset[6]:  896, xstate_sizes[6]:  512
[    0.000000] x86/fpu: xstate_offset[7]: 1408, xstate_sizes[7]: 1024
[    0.000000] x86/fpu: Enabled xstate features 0xe7, context size is 2432 bytes, using 'compacted' format.
[    0.000000] signal: max sigframe size: 3632
[    0.000000] BIOS-provided physical RAM map:
[    0.000000] BIOS-e820: [mem 0x0000000000000000-0x000000000009e7ff] usable
[    0.000000] BIOS-e820: [mem 0x000000000009e800-0x000000000009ffff] reserved
[    0.000000] BIOS-e820: [mem 0x00000000000dc000-0x00000000000fffff] reserved
[    0.000000] BIOS-e820: [mem 0x0000000000100000-0x00000000bfecffff] usable
[    0.000000] BIOS-e820: [mem 0x00000000bfed0000-0x00000000bfefefff] ACPI data
[    0.000000] BIOS-e820: [mem 0x00000000bfeff000-0x00000000bfefffff] ACPI NVS
[    0.000000] BIOS-e820: [mem 0x00000000bff00000-0x00000000bfffffff] usable
[    0.000000] BIOS-e820: [mem 0x00000000f0000000-0x00000000f7ffffff] reserved
[    0.000000] BIOS-e820: [mem 0x00000000fec00000-0x00000000fec0ffff] reserved
[    0.000000] BIOS-e820: [mem 0x00000000fee00000-0x00000000fee00fff] reserved
[    0.000000] BIOS-e820: [mem 0x00000000fffe0000-0x00000000ffffffff] reserved
[    0.000000] BIOS-e820: [mem 0x0000000100000000-0x000000013fffffff] usable
[    0.000000] NX (Execute Disable) protection: active
[    0.000000] SMBIOS 2.7 present.
[    0.000000] DMI: VMware, Inc. VMware Virtual Platform/440BX Desktop Reference Platform, BIOS 6.00 11/12/2020
[    0.000000] vmware: hypercall mode: 0x02
[    0.000000] Hypervisor detected: VMware
[    0.000000] vmware: TSC freq read from hypervisor : 1113.600 MHz
[    0.000000] vmware: Host bus clock speed read from hypervisor : 66000000 Hz
[    0.000000] vmware: using clock offset of 34415360441 ns
[    0.012039] tsc: Detected 1113.600 MHz processor
[    0.014362] e820: update [mem 0x00000000-0x00000fff] usable ==> reserved
[    0.014368] e820: remove [mem 0x000a0000-0x000fffff] usable
[    0.014375] last_pfn = 0x140000 max_arch_pfn = 0x400000000
[    0.014868] x86/PAT: Configuration [0-7]: WB  WC  UC- UC  WB  WP  UC- WT  
[    0.015057] total RAM covered: 130048M
[    0.015182] Found optimal setting for mtrr clean up
[    0.015183]  gran_size: 64K 	chunk_size: 64K 	num_reg: 7  	lose cover RAM: 0G
[    0.018897] e820: update [mem 0xc0000000-0xffffffff] usable ==> reserved
[    0.018938] last_pfn = 0xc0000 max_arch_pfn = 0x400000000
[    0.033278] found SMP MP-table at [mem 0x000f6a70-0x000f6a7f]
[    0.033300] Using GB pages for direct mapping
[    0.033460] RAMDISK: [mem 0x31a4d000-0x34d1dfff]
[    0.033467] ACPI: Early table checksum verification disabled
[    0.033472] ACPI: RSDP 0x00000000000F6A00 000024 (v02 PTLTD )
[    0.033477] ACPI: XSDT 0x00000000BFEDC633 00005C (v01 INTEL  440BX    06040000 VMW  01324272)
[    0.033483] ACPI: FACP 0x00000000BFEFEE73 0000F4 (v04 INTEL  440BX    06040000 PTL  000F4240)
[    0.033490] ACPI: DSDT 0x00000000BFEDD9E8 02148B (v01 PTLTD  Custom   06040000 MSFT 03000001)
[    0.033505] ACPI: FACS 0x00000000BFEFFFC0 000040
[    0.033510] ACPI: FACS 0x00000000BFEFFFC0 000040
[    0.033513] ACPI: BOOT 0x00000000BFEDD9C0 000028 (v01 PTLTD  $SBFTBL$ 06040000  LTP 00000001)
[    0.033517] ACPI: APIC 0x00000000BFEDD27E 000742 (v01 PTLTD  ? APIC   06040000  LTP 00000000)
[    0.033521] ACPI: MCFG 0x00000000BFEDD242 00003C (v01 PTLTD  $PCITBL$ 06040000  LTP 00000001)
[    0.033524] ACPI: SRAT 0x00000000BFEDC72F 0008D0 (v02 VMWARE MEMPLUG  06040000 VMW  00000001)
[    0.033527] ACPI: HPET 0x00000000BFEDC6F7 000038 (v01 VMWARE VMW HPET 06040000 VMW  00000001)
[    0.033531] ACPI: WAET 0x00000000BFEDC6CF 000028 (v01 VMWARE VMW WAET 06040000 VMW  00000001)
[    0.033533] ACPI: Reserving FACP table memory at [mem 0xbfefee73-0xbfefef66]
[    0.033535] ACPI: Reserving DSDT table memory at [mem 0xbfedd9e8-0xbfefee72]
[    0.033536] ACPI: Reserving FACS table memory at [mem 0xbfefffc0-0xbfefffff]
[    0.033537] ACPI: Reserving FACS table memory at [mem 0xbfefffc0-0xbfefffff]
[    0.033537] ACPI: Reserving BOOT table memory at [mem 0xbfedd9c0-0xbfedd9e7]
[    0.033538] ACPI: Reserving APIC table memory at [mem 0xbfedd27e-0xbfedd9bf]
[    0.033539] ACPI: Reserving MCFG table memory at [mem 0xbfedd242-0xbfedd27d]
[    0.033539] ACPI: Reserving SRAT table memory at [mem 0xbfedc72f-0xbfedcffe]
[    0.033540] ACPI: Reserving HPET table memory at [mem 0xbfedc6f7-0xbfedc72e]
[    0.033541] ACPI: Reserving WAET table memory at [mem 0xbfedc6cf-0xbfedc6f6]
[    0.033648] system APIC only can use physical flat
[    0.033649] Setting APIC routing to physical flat.
[    0.033729] SRAT: PXM 0 -> APIC 0x00 -> Node 0
[    0.033731] SRAT: PXM 0 -> APIC 0x01 -> Node 0
[    0.033732] SRAT: PXM 0 -> APIC 0x02 -> Node 0
[    0.033732] SRAT: PXM 0 -> APIC 0x04 -> Node 0
[    0.033733] SRAT: PXM 0 -> APIC 0x05 -> Node 0
[    0.033733] SRAT: PXM 0 -> APIC 0x06 -> Node 0
[    0.033734] SRAT: PXM 0 -> APIC 0x08 -> Node 0
[    0.033734] SRAT: PXM 0 -> APIC 0x09 -> Node 0
[    0.033735] SRAT: PXM 0 -> APIC 0x0a -> Node 0
[    0.033735] SRAT: PXM 0 -> APIC 0x0c -> Node 0
[    0.033736] SRAT: PXM 0 -> APIC 0x0d -> Node 0
[    0.033737] SRAT: PXM 0 -> APIC 0x0e -> Node 0
[    0.033737] SRAT: PXM 0 -> APIC 0x10 -> Node 0
[    0.033738] SRAT: PXM 0 -> APIC 0x11 -> Node 0
[    0.033739] SRAT: PXM 0 -> APIC 0x12 -> Node 0
[    0.033739] SRAT: PXM 0 -> APIC 0x14 -> Node 0
[    0.033740] SRAT: PXM 0 -> APIC 0x15 -> Node 0
[    0.033740] SRAT: PXM 0 -> APIC 0x16 -> Node 0
[    0.033741] SRAT: PXM 0 -> APIC 0x18 -> Node 0
[    0.033742] SRAT: PXM 0 -> APIC 0x19 -> Node 0
[    0.033742] SRAT: PXM 0 -> APIC 0x1a -> Node 0
[    0.033743] SRAT: PXM 0 -> APIC 0x1c -> Node 0
[    0.033743] SRAT: PXM 0 -> APIC 0x1d -> Node 0
[    0.033744] SRAT: PXM 0 -> APIC 0x1e -> Node 0
[    0.033744] SRAT: PXM 0 -> APIC 0x20 -> Node 0
[    0.033745] SRAT: PXM 0 -> APIC 0x21 -> Node 0
[    0.033745] SRAT: PXM 0 -> APIC 0x22 -> Node 0
[    0.033746] SRAT: PXM 0 -> APIC 0x24 -> Node 0
[    0.033747] SRAT: PXM 0 -> APIC 0x25 -> Node 0
[    0.033747] SRAT: PXM 0 -> APIC 0x26 -> Node 0
[    0.033748] SRAT: PXM 0 -> APIC 0x28 -> Node 0
[    0.033748] SRAT: PXM 0 -> APIC 0x29 -> Node 0
[    0.033749] SRAT: PXM 0 -> APIC 0x2a -> Node 0
[    0.033749] SRAT: PXM 0 -> APIC 0x2c -> Node 0
[    0.033750] SRAT: PXM 0 -> APIC 0x2d -> Node 0
[    0.033750] SRAT: PXM 0 -> APIC 0x2e -> Node 0
[    0.033751] SRAT: PXM 0 -> APIC 0x30 -> Node 0
[    0.033752] SRAT: PXM 0 -> APIC 0x31 -> Node 0
[    0.033752] SRAT: PXM 0 -> APIC 0x32 -> Node 0
[    0.033753] SRAT: PXM 0 -> APIC 0x34 -> Node 0
[    0.033753] SRAT: PXM 0 -> APIC 0x35 -> Node 0
[    0.033754] SRAT: PXM 0 -> APIC 0x36 -> Node 0
[    0.033754] SRAT: PXM 0 -> APIC 0x38 -> Node 0
[    0.033755] SRAT: PXM 0 -> APIC 0x39 -> Node 0
[    0.033756] SRAT: PXM 0 -> APIC 0x3a -> Node 0
[    0.033756] SRAT: PXM 0 -> APIC 0x3c -> Node 0
[    0.033757] SRAT: PXM 0 -> APIC 0x3d -> Node 0
[    0.033757] SRAT: PXM 0 -> APIC 0x3e -> Node 0
[    0.033758] SRAT: PXM 0 -> APIC 0x40 -> Node 0
[    0.033758] SRAT: PXM 0 -> APIC 0x41 -> Node 0
[    0.033759] SRAT: PXM 0 -> APIC 0x42 -> Node 0
[    0.033759] SRAT: PXM 0 -> APIC 0x44 -> Node 0
[    0.033760] SRAT: PXM 0 -> APIC 0x45 -> Node 0
[    0.033760] SRAT: PXM 0 -> APIC 0x46 -> Node 0
[    0.033761] SRAT: PXM 0 -> APIC 0x48 -> Node 0
[    0.033762] SRAT: PXM 0 -> APIC 0x49 -> Node 0
[    0.033762] SRAT: PXM 0 -> APIC 0x4a -> Node 0
[    0.033763] SRAT: PXM 0 -> APIC 0x4c -> Node 0
[    0.033763] SRAT: PXM 0 -> APIC 0x4d -> Node 0
[    0.033764] SRAT: PXM 0 -> APIC 0x4e -> Node 0
[    0.033765] SRAT: PXM 0 -> APIC 0x50 -> Node 0
[    0.033765] SRAT: PXM 0 -> APIC 0x51 -> Node 0
[    0.033766] SRAT: PXM 0 -> APIC 0x52 -> Node 0
[    0.033766] SRAT: PXM 0 -> APIC 0x54 -> Node 0
[    0.033767] SRAT: PXM 0 -> APIC 0x55 -> Node 0
[    0.033767] SRAT: PXM 0 -> APIC 0x56 -> Node 0
[    0.033768] SRAT: PXM 0 -> APIC 0x58 -> Node 0
[    0.033768] SRAT: PXM 0 -> APIC 0x59 -> Node 0
[    0.033769] SRAT: PXM 0 -> APIC 0x5a -> Node 0
[    0.033770] SRAT: PXM 0 -> APIC 0x5c -> Node 0
[    0.033770] SRAT: PXM 0 -> APIC 0x5d -> Node 0
[    0.033771] SRAT: PXM 0 -> APIC 0x5e -> Node 0
[    0.033771] SRAT: PXM 0 -> APIC 0x60 -> Node 0
[    0.033772] SRAT: PXM 0 -> APIC 0x61 -> Node 0
[    0.033773] SRAT: PXM 0 -> APIC 0x62 -> Node 0
[    0.033773] SRAT: PXM 0 -> APIC 0x64 -> Node 0
[    0.033774] SRAT: PXM 0 -> APIC 0x65 -> Node 0
[    0.033774] SRAT: PXM 0 -> APIC 0x66 -> Node 0
[    0.033775] SRAT: PXM 0 -> APIC 0x68 -> Node 0
[    0.033775] SRAT: PXM 0 -> APIC 0x69 -> Node 0
[    0.033776] SRAT: PXM 0 -> APIC 0x6a -> Node 0
[    0.033776] SRAT: PXM 0 -> APIC 0x6c -> Node 0
[    0.033777] SRAT: PXM 0 -> APIC 0x6d -> Node 0
[    0.033777] SRAT: PXM 0 -> APIC 0x6e -> Node 0
[    0.033778] SRAT: PXM 0 -> APIC 0x70 -> Node 0
[    0.033779] SRAT: PXM 0 -> APIC 0x71 -> Node 0
[    0.033779] SRAT: PXM 0 -> APIC 0x72 -> Node 0
[    0.033780] SRAT: PXM 0 -> APIC 0x74 -> Node 0
[    0.033780] SRAT: PXM 0 -> APIC 0x75 -> Node 0
[    0.033781] SRAT: PXM 0 -> APIC 0x76 -> Node 0
[    0.033782] SRAT: PXM 0 -> APIC 0x78 -> Node 0
[    0.033782] SRAT: PXM 0 -> APIC 0x79 -> Node 0
[    0.033783] SRAT: PXM 0 -> APIC 0x7a -> Node 0
[    0.033783] SRAT: PXM 0 -> APIC 0x7c -> Node 0
[    0.033784] SRAT: PXM 0 -> APIC 0x7d -> Node 0
[    0.033784] SRAT: PXM 0 -> APIC 0x7e -> Node 0
[    0.033785] SRAT: PXM 0 -> APIC 0x80 -> Node 0
[    0.033785] SRAT: PXM 0 -> APIC 0x81 -> Node 0
[    0.033786] SRAT: PXM 0 -> APIC 0x82 -> Node 0
[    0.033786] SRAT: PXM 0 -> APIC 0x84 -> Node 0
[    0.033787] SRAT: PXM 0 -> APIC 0x85 -> Node 0
[    0.033788] SRAT: PXM 0 -> APIC 0x86 -> Node 0
[    0.033788] SRAT: PXM 0 -> APIC 0x88 -> Node 0
[    0.033789] SRAT: PXM 0 -> APIC 0x89 -> Node 0
[    0.033789] SRAT: PXM 0 -> APIC 0x8a -> Node 0
[    0.033790] SRAT: PXM 0 -> APIC 0x8c -> Node 0
[    0.033790] SRAT: PXM 0 -> APIC 0x8d -> Node 0
[    0.033791] SRAT: PXM 0 -> APIC 0x8e -> Node 0
[    0.033792] SRAT: PXM 0 -> APIC 0x90 -> Node 0
[    0.033792] SRAT: PXM 0 -> APIC 0x91 -> Node 0
[    0.033793] SRAT: PXM 0 -> APIC 0x92 -> Node 0
[    0.033793] SRAT: PXM 0 -> APIC 0x94 -> Node 0
[    0.033794] SRAT: PXM 0 -> APIC 0x95 -> Node 0
[    0.033794] SRAT: PXM 0 -> APIC 0x96 -> Node 0
[    0.033795] SRAT: PXM 0 -> APIC 0x98 -> Node 0
[    0.033795] SRAT: PXM 0 -> APIC 0x99 -> Node 0
[    0.033796] SRAT: PXM 0 -> APIC 0x9a -> Node 0
[    0.033796] SRAT: PXM 0 -> APIC 0x9c -> Node 0
[    0.033797] SRAT: PXM 0 -> APIC 0x9d -> Node 0
[    0.033798] SRAT: PXM 0 -> APIC 0x9e -> Node 0
[    0.033798] SRAT: PXM 0 -> APIC 0xa0 -> Node 0
[    0.033799] SRAT: PXM 0 -> APIC 0xa1 -> Node 0
[    0.033799] SRAT: PXM 0 -> APIC 0xa2 -> Node 0
[    0.033800] SRAT: PXM 0 -> APIC 0xa4 -> Node 0
[    0.033800] SRAT: PXM 0 -> APIC 0xa5 -> Node 0
[    0.033801] SRAT: PXM 0 -> APIC 0xa6 -> Node 0
[    0.033801] SRAT: PXM 0 -> APIC 0xa8 -> Node 0
[    0.033802] SRAT: PXM 0 -> APIC 0xa9 -> Node 0
[    0.033805] ACPI: SRAT: Node 0 PXM 0 [mem 0x00000000-0x0009ffff]
[    0.033807] ACPI: SRAT: Node 0 PXM 0 [mem 0x00100000-0xbfffffff]
[    0.033808] ACPI: SRAT: Node 0 PXM 0 [mem 0x100000000-0x13fffffff]
[    0.033809] ACPI: SRAT: Node 0 PXM 0 [mem 0x140000000-0x103fffffff] hotplug
[    0.033811] NUMA: Node 0 [mem 0x00000000-0x0009ffff] + [mem 0x00100000-0xbfffffff] -> [mem 0x00000000-0xbfffffff]
[    0.033813] NUMA: Node 0 [mem 0x00000000-0xbfffffff] + [mem 0x100000000-0x13fffffff] -> [mem 0x00000000-0x13fffffff]
[    0.033820] NODE_DATA(0) allocated [mem 0x13ffd4000-0x13fffdfff]
[    0.034764] Zone ranges:
[    0.034777]   DMA      [mem 0x0000000000001000-0x0000000000ffffff]
[    0.034833]   DMA32    [mem 0x0000000001000000-0x00000000ffffffff]
[    0.034835]   Normal   [mem 0x0000000100000000-0x000000013fffffff]
[    0.034836]   Device   empty
[    0.034838] Movable zone start for each node
[    0.034841] Early memory node ranges
[    0.034842]   node   0: [mem 0x0000000000001000-0x000000000009dfff]
[    0.034844]   node   0: [mem 0x0000000000100000-0x00000000bfecffff]
[    0.034845]   node   0: [mem 0x00000000bff00000-0x00000000bfffffff]
[    0.034846]   node   0: [mem 0x0000000100000000-0x000000013fffffff]
[    0.034848] Initmem setup node 0 [mem 0x0000000000001000-0x000000013fffffff]
[    0.039562] On node 0, zone DMA: 1 pages in unavailable ranges
[    0.059138] On node 0, zone DMA: 98 pages in unavailable ranges
[    0.315114] On node 0, zone DMA32: 48 pages in unavailable ranges
[    0.413044] ACPI: PM-Timer IO Port: 0x1008
[    0.413095] system APIC only can use physical flat
[    0.413115] ACPI: LAPIC_NMI (acpi_id[0x00] high edge lint[0x1])
[    0.413118] ACPI: LAPIC_NMI (acpi_id[0x01] high edge lint[0x1])
[    0.413120] ACPI: LAPIC_NMI (acpi_id[0x02] high edge lint[0x1])
[    0.413121] ACPI: LAPIC_NMI (acpi_id[0x03] high edge lint[0x1])
[    0.413122] ACPI: LAPIC_NMI (acpi_id[0x04] high edge lint[0x1])
[    0.413123] ACPI: LAPIC_NMI (acpi_id[0x05] high edge lint[0x1])
[    0.413124] ACPI: LAPIC_NMI (acpi_id[0x06] high edge lint[0x1])
[    0.413125] ACPI: LAPIC_NMI (acpi_id[0x07] high edge lint[0x1])
[    0.413126] ACPI: LAPIC_NMI (acpi_id[0x08] high edge lint[0x1])
[    0.413128] ACPI: LAPIC_NMI (acpi_id[0x09] high edge lint[0x1])
[    0.413129] ACPI: LAPIC_NMI (acpi_id[0x0a] high edge lint[0x1])
[    0.413130] ACPI: LAPIC_NMI (acpi_id[0x0b] high edge lint[0x1])
[    0.413131] ACPI: LAPIC_NMI (acpi_id[0x0c] high edge lint[0x1])
[    0.413153] ACPI: LAPIC_NMI (acpi_id[0x0d] high edge lint[0x1])
[    0.413155] ACPI: LAPIC_NMI (acpi_id[0x0e] high edge lint[0x1])
[    0.413156] ACPI: LAPIC_NMI (acpi_id[0x0f] high edge lint[0x1])
[    0.413157] ACPI: LAPIC_NMI (acpi_id[0x10] high edge lint[0x1])
[    0.413158] ACPI: LAPIC_NMI (acpi_id[0x11] high edge lint[0x1])
[    0.413159] ACPI: LAPIC_NMI (acpi_id[0x12] high edge lint[0x1])
[    0.413161] ACPI: LAPIC_NMI (acpi_id[0x13] high edge lint[0x1])
[    0.413162] ACPI: LAPIC_NMI (acpi_id[0x14] high edge lint[0x1])
[    0.413163] ACPI: LAPIC_NMI (acpi_id[0x15] high edge lint[0x1])
[    0.413164] ACPI: LAPIC_NMI (acpi_id[0x16] high edge lint[0x1])
[    0.413165] ACPI: LAPIC_NMI (acpi_id[0x17] high edge lint[0x1])
[    0.413166] ACPI: LAPIC_NMI (acpi_id[0x18] high edge lint[0x1])
[    0.413167] ACPI: LAPIC_NMI (acpi_id[0x19] high edge lint[0x1])
[    0.413168] ACPI: LAPIC_NMI (acpi_id[0x1a] high edge lint[0x1])
[    0.413169] ACPI: LAPIC_NMI (acpi_id[0x1b] high edge lint[0x1])
[    0.413171] ACPI: LAPIC_NMI (acpi_id[0x1c] high edge lint[0x1])
[    0.413172] ACPI: LAPIC_NMI (acpi_id[0x1d] high edge lint[0x1])
[    0.413173] ACPI: LAPIC_NMI (acpi_id[0x1e] high edge lint[0x1])
[    0.413174] ACPI: LAPIC_NMI (acpi_id[0x1f] high edge lint[0x1])
[    0.413175] ACPI: LAPIC_NMI (acpi_id[0x20] high edge lint[0x1])
[    0.413176] ACPI: LAPIC_NMI (acpi_id[0x21] high edge lint[0x1])
[    0.413177] ACPI: LAPIC_NMI (acpi_id[0x22] high edge lint[0x1])
[    0.413178] ACPI: LAPIC_NMI (acpi_id[0x23] high edge lint[0x1])
[    0.413180] ACPI: LAPIC_NMI (acpi_id[0x24] high edge lint[0x1])
[    0.413181] ACPI: LAPIC_NMI (acpi_id[0x25] high edge lint[0x1])
[    0.413182] ACPI: LAPIC_NMI (acpi_id[0x26] high edge lint[0x1])
[    0.413183] ACPI: LAPIC_NMI (acpi_id[0x27] high edge lint[0x1])
[    0.413184] ACPI: LAPIC_NMI (acpi_id[0x28] high edge lint[0x1])
[    0.413185] ACPI: LAPIC_NMI (acpi_id[0x29] high edge lint[0x1])
[    0.413186] ACPI: LAPIC_NMI (acpi_id[0x2a] high edge lint[0x1])
[    0.413188] ACPI: LAPIC_NMI (acpi_id[0x2b] high edge lint[0x1])
[    0.413189] ACPI: LAPIC_NMI (acpi_id[0x2c] high edge lint[0x1])
[    0.413190] ACPI: LAPIC_NMI (acpi_id[0x2d] high edge lint[0x1])
[    0.413191] ACPI: LAPIC_NMI (acpi_id[0x2e] high edge lint[0x1])
[    0.413192] ACPI: LAPIC_NMI (acpi_id[0x2f] high edge lint[0x1])
[    0.413193] ACPI: LAPIC_NMI (acpi_id[0x30] high edge lint[0x1])
[    0.413194] ACPI: LAPIC_NMI (acpi_id[0x31] high edge lint[0x1])
[    0.413195] ACPI: LAPIC_NMI (acpi_id[0x32] high edge lint[0x1])
[    0.413197] ACPI: LAPIC_NMI (acpi_id[0x33] high edge lint[0x1])
[    0.413198] ACPI: LAPIC_NMI (acpi_id[0x34] high edge lint[0x1])
[    0.413210] ACPI: LAPIC_NMI (acpi_id[0x35] high edge lint[0x1])
[    0.413211] ACPI: LAPIC_NMI (acpi_id[0x36] high edge lint[0x1])
[    0.413212] ACPI: LAPIC_NMI (acpi_id[0x37] high edge lint[0x1])
[    0.413214] ACPI: LAPIC_NMI (acpi_id[0x38] high edge lint[0x1])
[    0.413215] ACPI: LAPIC_NMI (acpi_id[0x39] high edge lint[0x1])
[    0.413216] ACPI: LAPIC_NMI (acpi_id[0x3a] high edge lint[0x1])
[    0.413218] ACPI: LAPIC_NMI (acpi_id[0x3b] high edge lint[0x1])
[    0.413219] ACPI: LAPIC_NMI (acpi_id[0x3c] high edge lint[0x1])
[    0.413220] ACPI: LAPIC_NMI (acpi_id[0x3d] high edge lint[0x1])
[    0.413221] ACPI: LAPIC_NMI (acpi_id[0x3e] high edge lint[0x1])
[    0.413222] ACPI: LAPIC_NMI (acpi_id[0x3f] high edge lint[0x1])
[    0.413224] ACPI: LAPIC_NMI (acpi_id[0x40] high edge lint[0x1])
[    0.413225] ACPI: LAPIC_NMI (acpi_id[0x41] high edge lint[0x1])
[    0.413226] ACPI: LAPIC_NMI (acpi_id[0x42] high edge lint[0x1])
[    0.413227] ACPI: LAPIC_NMI (acpi_id[0x43] high edge lint[0x1])
[    0.413228] ACPI: LAPIC_NMI (acpi_id[0x44] high edge lint[0x1])
[    0.413230] ACPI: LAPIC_NMI (acpi_id[0x45] high edge lint[0x1])
[    0.413231] ACPI: LAPIC_NMI (acpi_id[0x46] high edge lint[0x1])
[    0.413232] ACPI: LAPIC_NMI (acpi_id[0x47] high edge lint[0x1])
[    0.413233] ACPI: LAPIC_NMI (acpi_id[0x48] high edge lint[0x1])
[    0.413234] ACPI: LAPIC_NMI (acpi_id[0x49] high edge lint[0x1])
[    0.413235] ACPI: LAPIC_NMI (acpi_id[0x4a] high edge lint[0x1])
[    0.413236] ACPI: LAPIC_NMI (acpi_id[0x4b] high edge lint[0x1])
[    0.413237] ACPI: LAPIC_NMI (acpi_id[0x4c] high edge lint[0x1])
[    0.413238] ACPI: LAPIC_NMI (acpi_id[0x4d] high edge lint[0x1])
[    0.413239] ACPI: LAPIC_NMI (acpi_id[0x4e] high edge lint[0x1])
[    0.413240] ACPI: LAPIC_NMI (acpi_id[0x4f] high edge lint[0x1])
[    0.413241] ACPI: LAPIC_NMI (acpi_id[0x50] high edge lint[0x1])
[    0.413242] ACPI: LAPIC_NMI (acpi_id[0x51] high edge lint[0x1])
[    0.413243] ACPI: LAPIC_NMI (acpi_id[0x52] high edge lint[0x1])
[    0.413244] ACPI: LAPIC_NMI (acpi_id[0x53] high edge lint[0x1])
[    0.413245] ACPI: LAPIC_NMI (acpi_id[0x54] high edge lint[0x1])
[    0.413246] ACPI: LAPIC_NMI (acpi_id[0x55] high edge lint[0x1])
[    0.413247] ACPI: LAPIC_NMI (acpi_id[0x56] high edge lint[0x1])
[    0.413260] ACPI: LAPIC_NMI (acpi_id[0x57] high edge lint[0x1])
[    0.413261] ACPI: LAPIC_NMI (acpi_id[0x58] high edge lint[0x1])
[    0.413263] ACPI: LAPIC_NMI (acpi_id[0x59] high edge lint[0x1])
[    0.413264] ACPI: LAPIC_NMI (acpi_id[0x5a] high edge lint[0x1])
[    0.413266] ACPI: LAPIC_NMI (acpi_id[0x5b] high edge lint[0x1])
[    0.413277] ACPI: LAPIC_NMI (acpi_id[0x5c] high edge lint[0x1])
[    0.413279] ACPI: LAPIC_NMI (acpi_id[0x5d] high edge lint[0x1])
[    0.413280] ACPI: LAPIC_NMI (acpi_id[0x5e] high edge lint[0x1])
[    0.413281] ACPI: LAPIC_NMI (acpi_id[0x5f] high edge lint[0x1])
[    0.413282] ACPI: LAPIC_NMI (acpi_id[0x60] high edge lint[0x1])
[    0.413283] ACPI: LAPIC_NMI (acpi_id[0x61] high edge lint[0x1])
[    0.413285] ACPI: LAPIC_NMI (acpi_id[0x62] high edge lint[0x1])
[    0.413286] ACPI: LAPIC_NMI (acpi_id[0x63] high edge lint[0x1])
[    0.413287] ACPI: LAPIC_NMI (acpi_id[0x64] high edge lint[0x1])
[    0.413288] ACPI: LAPIC_NMI (acpi_id[0x65] high edge lint[0x1])
[    0.413300] ACPI: LAPIC_NMI (acpi_id[0x66] high edge lint[0x1])
[    0.413301] ACPI: LAPIC_NMI (acpi_id[0x67] high edge lint[0x1])
[    0.413302] ACPI: LAPIC_NMI (acpi_id[0x68] high edge lint[0x1])
[    0.413304] ACPI: LAPIC_NMI (acpi_id[0x69] high edge lint[0x1])
[    0.413305] ACPI: LAPIC_NMI (acpi_id[0x6a] high edge lint[0x1])
[    0.413306] ACPI: LAPIC_NMI (acpi_id[0x6b] high edge lint[0x1])
[    0.413307] ACPI: LAPIC_NMI (acpi_id[0x6c] high edge lint[0x1])
[    0.413309] ACPI: LAPIC_NMI (acpi_id[0x6d] high edge lint[0x1])
[    0.413310] ACPI: LAPIC_NMI (acpi_id[0x6e] high edge lint[0x1])
[    0.413311] ACPI: LAPIC_NMI (acpi_id[0x6f] high edge lint[0x1])
[    0.413312] ACPI: LAPIC_NMI (acpi_id[0x70] high edge lint[0x1])
[    0.413313] ACPI: LAPIC_NMI (acpi_id[0x71] high edge lint[0x1])
[    0.413314] ACPI: LAPIC_NMI (acpi_id[0x72] high edge lint[0x1])
[    0.413315] ACPI: LAPIC_NMI (acpi_id[0x73] high edge lint[0x1])
[    0.413317] ACPI: LAPIC_NMI (acpi_id[0x74] high edge lint[0x1])
[    0.413318] ACPI: LAPIC_NMI (acpi_id[0x75] high edge lint[0x1])
[    0.413319] ACPI: LAPIC_NMI (acpi_id[0x76] high edge lint[0x1])
[    0.413320] ACPI: LAPIC_NMI (acpi_id[0x77] high edge lint[0x1])
[    0.413321] ACPI: LAPIC_NMI (acpi_id[0x78] high edge lint[0x1])
[    0.413322] ACPI: LAPIC_NMI (acpi_id[0x79] high edge lint[0x1])
[    0.413324] ACPI: LAPIC_NMI (acpi_id[0x7a] high edge lint[0x1])
[    0.413325] ACPI: LAPIC_NMI (acpi_id[0x7b] high edge lint[0x1])
[    0.413326] ACPI: LAPIC_NMI (acpi_id[0x7c] high edge lint[0x1])
[    0.413327] ACPI: LAPIC_NMI (acpi_id[0x7d] high edge lint[0x1])
[    0.413328] ACPI: LAPIC_NMI (acpi_id[0x7e] high edge lint[0x1])
[    0.413330] ACPI: LAPIC_NMI (acpi_id[0x7f] high edge lint[0x1])
[    0.413672] IOAPIC[0]: apic_id 3, version 32, address 0xfec00000, GSI 0-23
[    0.413707] ACPI: INT_SRC_OVR (bus 0 bus_irq 0 global_irq 2 high edge)
[    0.413728] ACPI: Using ACPI (MADT) for SMP configuration information
[    0.413731] ACPI: HPET id: 0x8086af01 base: 0xfed00000
[    0.413739] TSC deadline timer available
[    0.413827] smpboot: Allowing 128 CPUs, 125 hotplug CPUs
[    0.413851] PM: hibernation: Registered nosave memory: [mem 0x00000000-0x00000fff]
[    0.413855] PM: hibernation: Registered nosave memory: [mem 0x0009e000-0x0009efff]
[    0.413856] PM: hibernation: Registered nosave memory: [mem 0x0009f000-0x0009ffff]
[    0.413857] PM: hibernation: Registered nosave memory: [mem 0x000a0000-0x000dbfff]
[    0.413859] PM: hibernation: Registered nosave memory: [mem 0x000dc000-0x000fffff]
[    0.413861] PM: hibernation: Registered nosave memory: [mem 0xbfed0000-0xbfefefff]
[    0.413901] PM: hibernation: Registered nosave memory: [mem 0xbfeff000-0xbfefffff]
[    0.413919] PM: hibernation: Registered nosave memory: [mem 0xc0000000-0xefffffff]
[    0.413921] PM: hibernation: Registered nosave memory: [mem 0xf0000000-0xf7ffffff]
[    0.413923] PM: hibernation: Registered nosave memory: [mem 0xf8000000-0xfebfffff]
[    0.413924] PM: hibernation: Registered nosave memory: [mem 0xfec00000-0xfec0ffff]
[    0.413925] PM: hibernation: Registered nosave memory: [mem 0xfec10000-0xfedfffff]
[    0.413926] PM: hibernation: Registered nosave memory: [mem 0xfee00000-0xfee00fff]
[    0.413927] PM: hibernation: Registered nosave memory: [mem 0xfee01000-0xfffdffff]
[    0.413928] PM: hibernation: Registered nosave memory: [mem 0xfffe0000-0xffffffff]
[    0.413931] [mem 0xc0000000-0xefffffff] available for PCI devices
[    0.413934] Booting paravirtualized kernel on VMware hypervisor
[    0.413957] clocksource: refined-jiffies: mask: 0xffffffff max_cycles: 0xffffffff, max_idle_ns: 7645519600211568 ns
[    0.413970] setup_percpu: NR_CPUS:8192 nr_cpumask_bits:128 nr_cpu_ids:128 nr_node_ids:1
[    0.868323] percpu: Embedded 53 pages/cpu s180224 r8192 d28672 u262144
[    0.868361] pcpu-alloc: s180224 r8192 d28672 u262144 alloc=1*2097152
[    0.868368] pcpu-alloc: [0] 000 001 002 003 004 005 006 007 
[    0.868384] pcpu-alloc: [0] 008 009 010 011 012 013 014 015 
[    0.868399] pcpu-alloc: [0] 016 017 018 019 020 021 022 023 
[    0.868413] pcpu-alloc: [0] 024 025 026 027 028 029 030 031 
[    0.868425] pcpu-alloc: [0] 032 033 034 035 036 037 038 039 
[    0.868438] pcpu-alloc: [0] 040 041 042 043 044 045 046 047 
[    0.868446] pcpu-alloc: [0] 048 049 050 051 052 053 054 055 
[    0.868453] pcpu-alloc: [0] 056 057 058 059 060 061 062 063 
[    0.868461] pcpu-alloc: [0] 064 065 066 067 068 069 070 071 
[    0.868469] pcpu-alloc: [0] 072 073 074 075 076 077 078 079 
[    0.868477] pcpu-alloc: [0] 080 081 082 083 084 085 086 087 
[    0.868485] pcpu-alloc: [0] 088 089 090 091 092 093 094 095 
[    0.868493] pcpu-alloc: [0] 096 097 098 099 100 101 102 103 
[    0.868501] pcpu-alloc: [0] 104 105 106 107 108 109 110 111 
[    0.868510] pcpu-alloc: [0] 112 113 114 115 116 117 118 119 
[    0.868517] pcpu-alloc: [0] 120 121 122 123 124 125 126 127 
[    0.868626] Built 1 zonelists, mobility grouping on.  Total pages: 1031888
[    0.868632] Policy zone: Normal
[    0.868635] Kernel command line: BOOT_IMAGE=/boot/vmlinuz-5.15.0-rc7+ root=UUID=d71893f9-77a6-4225-b823-f4f4f1fb3509 ro find_preseed=/preseed.cfg auto noprompt priority=critical locale=en_US quiet
[    0.868896] Unknown command line parameters: auto noprompt BOOT_IMAGE=/boot/vmlinuz-5.15.0-rc7+ find_preseed=/preseed.cfg priority=critical locale=en_US
[    0.868899] printk: log_buf_len individual max cpu contribution: 4096 bytes
[    0.868901] printk: log_buf_len total cpu_extra contributions: 520192 bytes
[    0.868903] printk: log_buf_len min size: 262144 bytes
[    0.885895] printk: log_buf_len: 1048576 bytes
[    0.885900] printk: early log buf free: 237360(90%)
[    0.901132] Dentry cache hash table entries: 524288 (order: 10, 4194304 bytes, linear)
[    0.909039] Inode-cache hash table entries: 262144 (order: 9, 2097152 bytes, linear)
[    0.915592] mem auto-init: stack:off, heap alloc:on, heap free:off
[    1.175954] Memory: 3933840K/4193716K available (16393K kernel code, 3527K rwdata, 5488K rodata, 2876K init, 5740K bss, 259616K reserved, 0K cma-reserved)
[    1.175966] random: get_random_u64 called from __kmem_cache_create+0x2d/0x450 with crng_init=0
[    1.180660] SLUB: HWalign=64, Order=0-3, MinObjects=0, CPUs=128, Nodes=1
[    1.182939] ftrace: allocating 48946 entries in 192 pages
[    1.254074] ftrace: allocated 192 pages with 2 groups
[    1.260444] rcu: Hierarchical RCU implementation.
[    1.260453] rcu: 	RCU restricting CPUs from NR_CPUS=8192 to nr_cpu_ids=128.
[    1.260456] 	Rude variant of Tasks RCU enabled.
[    1.260457] 	Tracing variant of Tasks RCU enabled.
[    1.260458] rcu: RCU calculated value of scheduler-enlistment delay is 25 jiffies.
[    1.260460] rcu: Adjusting geometry for rcu_fanout_leaf=16, nr_cpu_ids=128
[    1.284173] NR_IRQS: 524544, nr_irqs: 1448, preallocated irqs: 16
[    1.285072] random: crng done (trusting CPU's manufacturer)
[    1.319034] Console: colour VGA+ 80x25
[    1.319070] printk: console [tty0] enabled
[    1.319203] ACPI: Core revision 20210730
[    1.323204] clocksource: hpet: mask: 0xffffffff max_cycles: 0xffffffff, max_idle_ns: 133484882848 ns
[    1.323568] APIC: Switch to symmetric I/O mode setup
[    1.325009] x2apic enabled
[    1.325742] Switched APIC routing to physical x2apic.
[    1.329720] ..TIMER: vector=0x30 apic1=0 pin1=2 apic2=-1 pin2=-1
[    1.329772] clocksource: tsc-early: mask: 0xffffffffffffffff max_cycles: 0x100d48ce7a0, max_idle_ns: 440795212195 ns
[    1.329786] Calibrating delay loop (skipped) preset value.. 2227.20 BogoMIPS (lpj=4454400)
[    1.329791] pid_max: default: 131072 minimum: 1024
[    1.329916] LSM: Security Framework initializing
[    1.329934] Yama: becoming mindful.
[    1.330159] AppArmor: AppArmor initialized
[    1.331483] Mount-cache hash table entries: 8192 (order: 4, 65536 bytes, linear)
[    1.331766] Mountpoint-cache hash table entries: 8192 (order: 4, 65536 bytes, linear)
[    1.337936] x86/cpu: User Mode Instruction Prevention (UMIP) activated
[    1.339015] Last level iTLB entries: 4KB 0, 2MB 0, 4MB 0
[    1.339019] Last level dTLB entries: 4KB 0, 2MB 0, 4MB 0, 1GB 0
[    1.339042] Spectre V1 : Mitigation: usercopy/swapgs barriers and __user pointer sanitization
[    1.339047] Spectre V2 : Mitigation: Enhanced IBRS
[    1.339048] Spectre V2 : Spectre v2 / SpectreRSB mitigation: Filling RSB on context switch
[    1.339051] Spectre V2 : mitigation: Enabling conditional Indirect Branch Prediction Barrier
[    1.339053] Speculative Store Bypass: Mitigation: Speculative Store Bypass disabled via prctl and seccomp
[    1.349215] Freeing SMP alternatives memory: 40K
[    1.355718] smpboot: CPU0: Intel(R) Core(TM) i5-1030NG7 CPU @ 1.10GHz (family: 0x6, model: 0x7e, stepping: 0x5)
[    1.357779] Performance Events: Icelake events, core PMU driver.
[    1.357779] core: CPUID marked event: 'cpu cycles' unavailable
[    1.357779] core: CPUID marked event: 'instructions' unavailable
[    1.357779] core: CPUID marked event: 'bus cycles' unavailable
[    1.357779] core: CPUID marked event: 'cache references' unavailable
[    1.357779] core: CPUID marked event: 'cache misses' unavailable
[    1.357779] core: CPUID marked event: 'branch instructions' unavailable
[    1.357779] core: CPUID marked event: 'branch misses' unavailable
[    1.357779] ... version:                1
[    1.357779] ... bit width:              48
[    1.357779] ... generic registers:      8
[    1.357779] ... value mask:             0000ffffffffffff
[    1.357779] ... max period:             000000007fffffff
[    1.357779] ... fixed-purpose events:   0
[    1.357779] ... event mask:             0000000f000000ff
[    1.358829] rcu: Hierarchical SRCU implementation.
[    1.365931] NMI watchdog: Perf NMI watchdog permanently disabled
[    1.421897] smp: Bringing up secondary CPUs ...
[    1.424039] x86: Booting SMP configuration:
[    1.424042] .... node  #0, CPUs:          #1   #2
[    1.435294] smp: Brought up 1 node, 3 CPUs
[    1.435294] smpboot: Max logical packages: 43
[    1.435294] smpboot: Total of 3 processors activated (6681.60 BogoMIPS)
[    1.442027] devtmpfs: initialized
[    1.442027] x86/mm: Memory block size: 128MB
[    1.445914] ACPI: PM: Registering ACPI NVS region [mem 0xbfeff000-0xbfefffff] (4096 bytes)
[    1.446113] clocksource: jiffies: mask: 0xffffffff max_cycles: 0xffffffff, max_idle_ns: 7645041785100000 ns
[    1.475133] futex hash table entries: 32768 (order: 9, 2097152 bytes, linear)
[    1.475650] pinctrl core: initialized pinctrl subsystem
[    1.476415] PM: RTC time: 17:12:52, date: 2021-11-01
[    1.480846] NET: Registered PF_NETLINK/PF_ROUTE protocol family
[    1.483331] DMA: preallocated 512 KiB GFP_KERNEL pool for atomic allocations
[    1.483442] DMA: preallocated 512 KiB GFP_KERNEL|GFP_DMA pool for atomic allocations
[    1.483528] DMA: preallocated 512 KiB GFP_KERNEL|GFP_DMA32 pool for atomic allocations
[    1.483553] audit: initializing netlink subsys (disabled)
[    1.483619] audit: type=2000 audit(1635786772.152:1): state=initialized audit_enabled=0 res=1
[    1.483619] thermal_sys: Registered thermal governor 'fair_share'
[    1.483619] thermal_sys: Registered thermal governor 'bang_bang'
[    1.483619] thermal_sys: Registered thermal governor 'step_wise'
[    1.483619] thermal_sys: Registered thermal governor 'user_space'
[    1.483619] thermal_sys: Registered thermal governor 'power_allocator'
[    1.483619] EISA bus registered
[    1.486120] cpuidle: using governor ladder
[    1.486120] cpuidle: using governor menu
[    1.486120] Simple Boot Flag at 0x36 set to 0x80
[    1.486120] ACPI: bus type PCI registered
[    1.486120] acpiphp: ACPI Hot Plug PCI Controller Driver version: 0.5
[    1.486805] PCI: MMCONFIG for domain 0000 [bus 00-7f] at [mem 0xf0000000-0xf7ffffff] (base 0xf0000000)
[    1.486814] PCI: MMCONFIG at [mem 0xf0000000-0xf7ffffff] reserved in E820
[    1.486838] PCI: Using configuration type 1 for base access
[    1.491794] Kprobes globally optimized
[    1.491840] HugeTLB registered 1.00 GiB page size, pre-allocated 0 pages
[    1.491840] HugeTLB registered 2.00 MiB page size, pre-allocated 0 pages
[    1.527765] ACPI: Added _OSI(Module Device)
[    1.527765] ACPI: Added _OSI(Processor Device)
[    1.527765] ACPI: Added _OSI(3.0 _SCP Extensions)
[    1.527765] ACPI: Added _OSI(Processor Aggregator Device)
[    1.527765] ACPI: Added _OSI(Linux-Dell-Video)
[    1.527765] ACPI: Added _OSI(Linux-Lenovo-NV-HDMI-Audio)
[    1.527765] ACPI: Added _OSI(Linux-HPI-Hybrid-Graphics)
[    1.576488] ACPI: 1 ACPI AML tables successfully acquired and loaded
[    1.579575] ACPI: [Firmware Bug]: BIOS _OSI(Linux) query ignored
[    1.615169] ACPI: Interpreter enabled
[    1.615194] ACPI: PM: (supports S0 S1 S4 S5)
[    1.615197] ACPI: Using IOAPIC for interrupt routing
[    1.615242] PCI: Using host bridge windows from ACPI; if necessary, use "pci=nocrs" and report a bug
[    1.617762] ACPI: Enabled 4 GPEs in block 00 to 0F
[    1.871789] ACPI: PCI Root Bridge [PCI0] (domain 0000 [bus 00-7f])
[    1.871800] acpi PNP0A03:00: _OSC: OS supports [ExtendedConfig ASPM ClockPM Segments MSI HPX-Type3]
[    1.872035] acpi PNP0A03:00: _OSC: platform does not support [AER LTR]
[    1.872304] acpi PNP0A03:00: _OSC: OS now controls [PCIeHotplug SHPCHotplug PME PCIeCapability]
[    1.875170] PCI host bridge to bus 0000:00
[    1.875172] pci_bus 0000:00: root bus resource [mem 0x000a0000-0x000bffff window]
[    1.875174] pci_bus 0000:00: root bus resource [mem 0x000d0000-0x000d3fff window]
[    1.875175] pci_bus 0000:00: root bus resource [mem 0x000d4000-0x000d7fff window]
[    1.875176] pci_bus 0000:00: root bus resource [mem 0x000d8000-0x000dbfff window]
[    1.875177] pci_bus 0000:00: root bus resource [mem 0xc0000000-0xfebfffff window]
[    1.875179] pci_bus 0000:00: root bus resource [io  0x0000-0x0cf7 window]
[    1.875180] pci_bus 0000:00: root bus resource [io  0x0d00-0xfeff window]
[    1.875181] pci_bus 0000:00: root bus resource [bus 00-7f]
[    1.875504] pci 0000:00:00.0: [8086:7190] type 00 class 0x060000
[    1.879035] pci 0000:00:01.0: [8086:7191] type 01 class 0x060400
[    1.890923] pci 0000:00:07.0: [8086:7110] type 00 class 0x060100
[    1.892211] pci 0000:00:07.1: [8086:7111] type 00 class 0x01018a
[    1.893345] pci 0000:00:07.1: reg 0x20: [io  0x1060-0x106f]
[    1.893745] pci 0000:00:07.1: legacy IDE quirk: reg 0x10: [io  0x01f0-0x01f7]
[    1.893747] pci 0000:00:07.1: legacy IDE quirk: reg 0x14: [io  0x03f6]
[    1.893748] pci 0000:00:07.1: legacy IDE quirk: reg 0x18: [io  0x0170-0x0177]
[    1.893749] pci 0000:00:07.1: legacy IDE quirk: reg 0x1c: [io  0x0376]
[    1.893779] pci 0000:00:07.3: [8086:7113] type 00 class 0x068000
[    1.895050] pci 0000:00:07.3: quirk: [io  0x1000-0x103f] claimed by PIIX4 ACPI
[    1.895068] pci 0000:00:07.3: quirk: [io  0x1040-0x104f] claimed by PIIX4 SMB
[    1.895655] pci 0000:00:07.7: [15ad:0740] type 00 class 0x088000
[    1.896304] pci 0000:00:07.7: reg 0x10: [io  0x1080-0x10bf]
[    1.896926] pci 0000:00:07.7: reg 0x14: [mem 0xfebfe000-0xfebfffff 64bit]
[    1.914451] pci 0000:00:0f.0: [15ad:0405] type 00 class 0x030000
[    1.916666] pci 0000:00:0f.0: reg 0x10: [io  0x1070-0x107f]
[    1.917443] pci 0000:00:0f.0: reg 0x14: [mem 0xe8000000-0xefffffff pref]
[    1.917795] pci 0000:00:0f.0: reg 0x18: [mem 0xfe000000-0xfe7fffff]
[    1.920324] pci 0000:00:0f.0: reg 0x30: [mem 0x00000000-0x00007fff pref]
[    1.923415] pci 0000:00:10.0: [1000:0030] type 00 class 0x010000
[    1.924075] pci 0000:00:10.0: reg 0x10: [io  0x1400-0x14ff]
[    1.924620] pci 0000:00:10.0: reg 0x14: [mem 0xfeba0000-0xfebbffff 64bit]
[    1.925095] pci 0000:00:10.0: reg 0x1c: [mem 0xfebc0000-0xfebdffff 64bit]
[    1.925793] pci 0000:00:10.0: reg 0x30: [mem 0x00000000-0x00003fff pref]
[    1.928805] pci 0000:00:11.0: [15ad:0790] type 01 class 0x060401
[    1.939196] pci 0000:00:15.0: [15ad:07a0] type 01 class 0x060400
[    1.940595] pci 0000:00:15.0: PME# supported from D0 D3hot D3cold
[    1.942234] pci 0000:00:15.1: [15ad:07a0] type 01 class 0x060400
[    1.943475] pci 0000:00:15.1: PME# supported from D0 D3hot D3cold
[    1.945156] pci 0000:00:15.2: [15ad:07a0] type 01 class 0x060400
[    1.945900] pci 0000:00:15.2: PME# supported from D0 D3hot D3cold
[    1.946725] pci 0000:00:15.3: [15ad:07a0] type 01 class 0x060400
[    1.947957] pci 0000:00:15.3: PME# supported from D0 D3hot D3cold
[    1.948684] pci 0000:00:15.4: [15ad:07a0] type 01 class 0x060400
[    1.949835] pci 0000:00:15.4: PME# supported from D0 D3hot D3cold
[    1.950552] pci 0000:00:15.5: [15ad:07a0] type 01 class 0x060400
[    1.951969] pci 0000:00:15.5: PME# supported from D0 D3hot D3cold
[    1.953645] pci 0000:00:15.6: [15ad:07a0] type 01 class 0x060400
[    1.954778] pci 0000:00:15.6: PME# supported from D0 D3hot D3cold
[    1.955514] pci 0000:00:15.7: [15ad:07a0] type 01 class 0x060400
[    1.956743] pci 0000:00:15.7: PME# supported from D0 D3hot D3cold
[    1.960423] pci 0000:00:16.0: [15ad:07a0] type 01 class 0x060400
[    1.961639] pci 0000:00:16.0: PME# supported from D0 D3hot D3cold
[    1.962129] pci 0000:00:16.1: [15ad:07a0] type 01 class 0x060400
[    1.963343] pci 0000:00:16.1: PME# supported from D0 D3hot D3cold
[    1.964053] pci 0000:00:16.2: [15ad:07a0] type 01 class 0x060400
[    1.965263] pci 0000:00:16.2: PME# supported from D0 D3hot D3cold
[    1.965779] pci 0000:00:16.3: [15ad:07a0] type 01 class 0x060400
[    1.966827] pci 0000:00:16.3: PME# supported from D0 D3hot D3cold
[    1.967591] pci 0000:00:16.4: [15ad:07a0] type 01 class 0x060400
[    1.968815] pci 0000:00:16.4: PME# supported from D0 D3hot D3cold
[    1.969544] pci 0000:00:16.5: [15ad:07a0] type 01 class 0x060400
[    1.970538] pci 0000:00:16.5: PME# supported from D0 D3hot D3cold
[    1.971321] pci 0000:00:16.6: [15ad:07a0] type 01 class 0x060400
[    1.972538] pci 0000:00:16.6: PME# supported from D0 D3hot D3cold
[    1.973240] pci 0000:00:16.7: [15ad:07a0] type 01 class 0x060400
[    1.974465] pci 0000:00:16.7: PME# supported from D0 D3hot D3cold
[    1.977231] pci 0000:00:17.0: [15ad:07a0] type 01 class 0x060400
[    1.978511] pci 0000:00:17.0: PME# supported from D0 D3hot D3cold
[    1.979394] pci 0000:00:17.1: [15ad:07a0] type 01 class 0x060400
[    1.980663] pci 0000:00:17.1: PME# supported from D0 D3hot D3cold
[    1.981371] pci 0000:00:17.2: [15ad:07a0] type 01 class 0x060400
[    1.982049] pci 0000:00:17.2: PME# supported from D0 D3hot D3cold
[    1.983862] pci 0000:00:17.3: [15ad:07a0] type 01 class 0x060400
[    1.985202] pci 0000:00:17.3: PME# supported from D0 D3hot D3cold
[    1.986248] pci 0000:00:17.4: [15ad:07a0] type 01 class 0x060400
[    1.987651] pci 0000:00:17.4: PME# supported from D0 D3hot D3cold
[    1.988524] pci 0000:00:17.5: [15ad:07a0] type 01 class 0x060400
[    1.989779] pci 0000:00:17.5: PME# supported from D0 D3hot D3cold
[    1.991368] pci 0000:00:17.6: [15ad:07a0] type 01 class 0x060400
[    1.992586] pci 0000:00:17.6: PME# supported from D0 D3hot D3cold
[    1.993318] pci 0000:00:17.7: [15ad:07a0] type 01 class 0x060400
[    1.994432] pci 0000:00:17.7: PME# supported from D0 D3hot D3cold
[    1.998078] pci 0000:00:18.0: [15ad:07a0] type 01 class 0x060400
[    1.999297] pci 0000:00:18.0: PME# supported from D0 D3hot D3cold
[    2.000272] pci 0000:00:18.1: [15ad:07a0] type 01 class 0x060400
[    2.001519] pci 0000:00:18.1: PME# supported from D0 D3hot D3cold
[    2.002064] pci 0000:00:18.2: [15ad:07a0] type 01 class 0x060400
[    2.003278] pci 0000:00:18.2: PME# supported from D0 D3hot D3cold
[    2.005779] pci 0000:00:18.3: [15ad:07a0] type 01 class 0x060400
[    2.007018] pci 0000:00:18.3: PME# supported from D0 D3hot D3cold
[    2.008823] pci 0000:00:18.4: [15ad:07a0] type 01 class 0x060400
[    2.009779] pci 0000:00:18.4: PME# supported from D0 D3hot D3cold
[    2.010377] pci 0000:00:18.5: [15ad:07a0] type 01 class 0x060400
[    2.011717] pci 0000:00:18.5: PME# supported from D0 D3hot D3cold
[    2.014269] pci 0000:00:18.6: [15ad:07a0] type 01 class 0x060400
[    2.015575] pci 0000:00:18.6: PME# supported from D0 D3hot D3cold
[    2.016325] pci 0000:00:18.7: [15ad:07a0] type 01 class 0x060400
[    2.017547] pci 0000:00:18.7: PME# supported from D0 D3hot D3cold
[    2.033241] pci_bus 0000:01: extended config space not accessible
[    2.093779] pci 0000:00:01.0: PCI bridge to [bus 01]
[    2.093779] pci_bus 0000:02: extended config space not accessible
[    2.094812] acpiphp: Slot [32] registered
[    2.094856] acpiphp: Slot [33] registered
[    2.094883] acpiphp: Slot [34] registered
[    2.094908] acpiphp: Slot [35] registered
[    2.094934] acpiphp: Slot [36] registered
[    2.096912] acpiphp: Slot [37] registered
[    2.096955] acpiphp: Slot [38] registered
[    2.096986] acpiphp: Slot [39] registered
[    2.097806] acpiphp: Slot [40] registered
[    2.097842] acpiphp: Slot [41] registered
[    2.097871] acpiphp: Slot [42] registered
[    2.097899] acpiphp: Slot [43] registered
[    2.097926] acpiphp: Slot [44] registered
[    2.097953] acpiphp: Slot [45] registered
[    2.098001] acpiphp: Slot [46] registered
[    2.098031] acpiphp: Slot [47] registered
[    2.098058] acpiphp: Slot [48] registered
[    2.098085] acpiphp: Slot [49] registered
[    2.098113] acpiphp: Slot [50] registered
[    2.098140] acpiphp: Slot [51] registered
[    2.098167] acpiphp: Slot [52] registered
[    2.098210] acpiphp: Slot [53] registered
[    2.098238] acpiphp: Slot [54] registered
[    2.098265] acpiphp: Slot [55] registered
[    2.098293] acpiphp: Slot [56] registered
[    2.098320] acpiphp: Slot [57] registered
[    2.098347] acpiphp: Slot [58] registered
[    2.098389] acpiphp: Slot [59] registered
[    2.098418] acpiphp: Slot [60] registered
[    2.098445] acpiphp: Slot [61] registered
[    2.098472] acpiphp: Slot [62] registered
[    2.098500] acpiphp: Slot [63] registered
[    2.098712] pci 0000:02:00.0: [15ad:0774] type 00 class 0x0c0300
[    2.100102] pci 0000:02:00.0: reg 0x20: [io  0x2080-0x209f]
[    2.104819] pci 0000:02:01.0: [8086:100f] type 00 class 0x020000
[    2.105545] pci 0000:02:01.0: reg 0x10: [mem 0xfd5c0000-0xfd5dffff 64bit]
[    2.106151] pci 0000:02:01.0: reg 0x18: [mem 0xfdff0000-0xfdffffff 64bit]
[    2.106745] pci 0000:02:01.0: reg 0x20: [io  0x2000-0x203f]
[    2.107815] pci 0000:02:01.0: reg 0x30: [mem 0x00000000-0x0000ffff pref]
[    2.108293] pci 0000:02:01.0: PME# supported from D0 D3hot D3cold
[    2.111850] pci 0000:02:02.0: [1274:1371] type 00 class 0x040100
[    2.112226] pci 0000:02:02.0: reg 0x10: [io  0x2040-0x207f]
[    2.121557] pci 0000:02:03.0: [15ad:0770] type 00 class 0x0c0320
[    2.122129] pci 0000:02:03.0: reg 0x10: [mem 0xfd5ef000-0xfd5effff]
[    2.128098] pci 0000:02:04.0: [15ad:07e0] type 00 class 0x010601
[    2.130317] pci 0000:02:04.0: reg 0x24: [mem 0xfd5ee000-0xfd5eefff]
[    2.130640] pci 0000:02:04.0: reg 0x30: [mem 0x00000000-0x0000ffff pref]
[    2.131241] pci 0000:02:04.0: PME# supported from D3hot
[    2.185779] pci 0000:00:11.0: PCI bridge to [bus 02] (subtractive decode)
[    2.185779] pci 0000:00:11.0:   bridge window [io  0x2000-0x3fff]
[    2.185779] pci 0000:00:11.0:   bridge window [mem 0xfd500000-0xfdffffff]
[    2.185779] pci 0000:00:11.0:   bridge window [mem 0xe7b00000-0xe7ffffff 64bit pref]
[    2.185779] pci 0000:00:11.0:   bridge window [mem 0x000a0000-0x000bffff window] (subtractive decode)
[    2.185779] pci 0000:00:11.0:   bridge window [mem 0x000d0000-0x000d3fff window] (subtractive decode)
[    2.185779] pci 0000:00:11.0:   bridge window [mem 0x000d4000-0x000d7fff window] (subtractive decode)
[    2.185779] pci 0000:00:11.0:   bridge window [mem 0x000d8000-0x000dbfff window] (subtractive decode)
[    2.185779] pci 0000:00:11.0:   bridge window [mem 0xc0000000-0xfebfffff window] (subtractive decode)
[    2.185779] pci 0000:00:11.0:   bridge window [io  0x0000-0x0cf7 window] (subtractive decode)
[    2.185779] pci 0000:00:11.0:   bridge window [io  0x0d00-0xfeff window] (subtractive decode)
[    2.244491] pci 0000:00:15.0: PCI bridge to [bus 03]
[    2.244534] pci 0000:00:15.0:   bridge window [io  0x4000-0x4fff]
[    2.244566] pci 0000:00:15.0:   bridge window [mem 0xfd400000-0xfd4fffff]
[    2.244627] pci 0000:00:15.0:   bridge window [mem 0xe7a00000-0xe7afffff 64bit pref]
[    2.305742] pci 0000:00:15.1: PCI bridge to [bus 04]
[    2.305779] pci 0000:00:15.1:   bridge window [io  0x8000-0x8fff]
[    2.305779] pci 0000:00:15.1:   bridge window [mem 0xfd000000-0xfd0fffff]
[    2.305808] pci 0000:00:15.1:   bridge window [mem 0xe7600000-0xe76fffff 64bit pref]
[    2.367042] pci 0000:00:15.2: PCI bridge to [bus 05]
[    2.367085] pci 0000:00:15.2:   bridge window [io  0xc000-0xcfff]
[    2.367117] pci 0000:00:15.2:   bridge window [mem 0xfcc00000-0xfccfffff]
[    2.367178] pci 0000:00:15.2:   bridge window [mem 0xe7200000-0xe72fffff 64bit pref]
[    2.427075] pci 0000:00:15.3: PCI bridge to [bus 06]
[    2.427173] pci 0000:00:15.3:   bridge window [mem 0xfc800000-0xfc8fffff]
[    2.427234] pci 0000:00:15.3:   bridge window [mem 0xe6e00000-0xe6efffff 64bit pref]
[    2.485779] pci 0000:00:15.4: PCI bridge to [bus 07]
[    2.485779] pci 0000:00:15.4:   bridge window [mem 0xfc400000-0xfc4fffff]
[    2.485779] pci 0000:00:15.4:   bridge window [mem 0xe6a00000-0xe6afffff 64bit pref]
[    2.546189] pci 0000:00:15.5: PCI bridge to [bus 08]
[    2.546260] pci 0000:00:15.5:   bridge window [mem 0xfc000000-0xfc0fffff]
[    2.546321] pci 0000:00:15.5:   bridge window [mem 0xe6600000-0xe66fffff 64bit pref]
[    2.606614] pci 0000:00:15.6: PCI bridge to [bus 09]
[    2.606687] pci 0000:00:15.6:   bridge window [mem 0xfbc00000-0xfbcfffff]
[    2.606748] pci 0000:00:15.6:   bridge window [mem 0xe6200000-0xe62fffff 64bit pref]
[    2.668021] pci 0000:00:15.7: PCI bridge to [bus 0a]
[    2.668094] pci 0000:00:15.7:   bridge window [mem 0xfb800000-0xfb8fffff]
[    2.668154] pci 0000:00:15.7:   bridge window [mem 0xe5e00000-0xe5efffff 64bit pref]
[    2.728660] pci 0000:00:16.0: PCI bridge to [bus 0b]
[    2.728704] pci 0000:00:16.0:   bridge window [io  0x5000-0x5fff]
[    2.728735] pci 0000:00:16.0:   bridge window [mem 0xfd300000-0xfd3fffff]
[    2.728795] pci 0000:00:16.0:   bridge window [mem 0xe7900000-0xe79fffff 64bit pref]
[    2.787741] pci 0000:00:16.1: PCI bridge to [bus 0c]
[    2.787784] pci 0000:00:16.1:   bridge window [io  0x9000-0x9fff]
[    2.787815] pci 0000:00:16.1:   bridge window [mem 0xfcf00000-0xfcffffff]
[    2.787875] pci 0000:00:16.1:   bridge window [mem 0xe7500000-0xe75fffff 64bit pref]
[    2.847167] pci 0000:00:16.2: PCI bridge to [bus 0d]
[    2.847210] pci 0000:00:16.2:   bridge window [io  0xd000-0xdfff]
[    2.847241] pci 0000:00:16.2:   bridge window [mem 0xfcb00000-0xfcbfffff]
[    2.847301] pci 0000:00:16.2:   bridge window [mem 0xe7100000-0xe71fffff 64bit pref]
[    2.907863] pci 0000:00:16.3: PCI bridge to [bus 0e]
[    2.907933] pci 0000:00:16.3:   bridge window [mem 0xfc700000-0xfc7fffff]
[    2.907993] pci 0000:00:16.3:   bridge window [mem 0xe6d00000-0xe6dfffff 64bit pref]
[    2.967819] pci 0000:00:16.4: PCI bridge to [bus 0f]
[    2.967912] pci 0000:00:16.4:   bridge window [mem 0xfc300000-0xfc3fffff]
[    2.967972] pci 0000:00:16.4:   bridge window [mem 0xe6900000-0xe69fffff 64bit pref]
[    3.026138] pci 0000:00:16.5: PCI bridge to [bus 10]
[    3.026209] pci 0000:00:16.5:   bridge window [mem 0xfbf00000-0xfbffffff]
[    3.026269] pci 0000:00:16.5:   bridge window [mem 0xe6500000-0xe65fffff 64bit pref]
[    3.084650] pci 0000:00:16.6: PCI bridge to [bus 11]
[    3.084723] pci 0000:00:16.6:   bridge window [mem 0xfbb00000-0xfbbfffff]
[    3.084783] pci 0000:00:16.6:   bridge window [mem 0xe6100000-0xe61fffff 64bit pref]
[    3.143908] pci 0000:00:16.7: PCI bridge to [bus 12]
[    3.143982] pci 0000:00:16.7:   bridge window [mem 0xfb700000-0xfb7fffff]
[    3.144042] pci 0000:00:16.7:   bridge window [mem 0xe5d00000-0xe5dfffff 64bit pref]
[    3.203037] pci 0000:00:17.0: PCI bridge to [bus 13]
[    3.203080] pci 0000:00:17.0:   bridge window [io  0x6000-0x6fff]
[    3.203111] pci 0000:00:17.0:   bridge window [mem 0xfd200000-0xfd2fffff]
[    3.203171] pci 0000:00:17.0:   bridge window [mem 0xe7800000-0xe78fffff 64bit pref]
[    3.259683] pci 0000:00:17.1: PCI bridge to [bus 14]
[    3.259725] pci 0000:00:17.1:   bridge window [io  0xa000-0xafff]
[    3.259757] pci 0000:00:17.1:   bridge window [mem 0xfce00000-0xfcefffff]
[    3.259817] pci 0000:00:17.1:   bridge window [mem 0xe7400000-0xe74fffff 64bit pref]
[    3.319784] pci 0000:00:17.2: PCI bridge to [bus 15]
[    3.319826] pci 0000:00:17.2:   bridge window [io  0xe000-0xefff]
[    3.319858] pci 0000:00:17.2:   bridge window [mem 0xfca00000-0xfcafffff]
[    3.319919] pci 0000:00:17.2:   bridge window [mem 0xe7000000-0xe70fffff 64bit pref]
[    3.379725] pci 0000:00:17.3: PCI bridge to [bus 16]
[    3.379799] pci 0000:00:17.3:   bridge window [mem 0xfc600000-0xfc6fffff]
[    3.379860] pci 0000:00:17.3:   bridge window [mem 0xe6c00000-0xe6cfffff 64bit pref]
[    3.439242] pci 0000:00:17.4: PCI bridge to [bus 17]
[    3.439315] pci 0000:00:17.4:   bridge window [mem 0xfc200000-0xfc2fffff]
[    3.439376] pci 0000:00:17.4:   bridge window [mem 0xe6800000-0xe68fffff 64bit pref]
[    3.500225] pci 0000:00:17.5: PCI bridge to [bus 18]
[    3.500297] pci 0000:00:17.5:   bridge window [mem 0xfbe00000-0xfbefffff]
[    3.500357] pci 0000:00:17.5:   bridge window [mem 0xe6400000-0xe64fffff 64bit pref]
[    3.563169] pci 0000:00:17.6: PCI bridge to [bus 19]
[    3.563251] pci 0000:00:17.6:   bridge window [mem 0xfba00000-0xfbafffff]
[    3.563319] pci 0000:00:17.6:   bridge window [mem 0xe6000000-0xe60fffff 64bit pref]
[    3.624157] pci 0000:00:17.7: PCI bridge to [bus 1a]
[    3.624229] pci 0000:00:17.7:   bridge window [mem 0xfb600000-0xfb6fffff]
[    3.624289] pci 0000:00:17.7:   bridge window [mem 0xe5c00000-0xe5cfffff 64bit pref]
[    3.683839] pci 0000:00:18.0: PCI bridge to [bus 1b]
[    3.683882] pci 0000:00:18.0:   bridge window [io  0x7000-0x7fff]
[    3.683913] pci 0000:00:18.0:   bridge window [mem 0xfd100000-0xfd1fffff]
[    3.683973] pci 0000:00:18.0:   bridge window [mem 0xe7700000-0xe77fffff 64bit pref]
[    3.741996] pci 0000:00:18.1: PCI bridge to [bus 1c]
[    3.742040] pci 0000:00:18.1:   bridge window [io  0xb000-0xbfff]
[    3.742071] pci 0000:00:18.1:   bridge window [mem 0xfcd00000-0xfcdfffff]
[    3.742130] pci 0000:00:18.1:   bridge window [mem 0xe7300000-0xe73fffff 64bit pref]
[    3.801104] pci 0000:00:18.2: PCI bridge to [bus 1d]
[    3.801178] pci 0000:00:18.2:   bridge window [mem 0xfc900000-0xfc9fffff]
[    3.801238] pci 0000:00:18.2:   bridge window [mem 0xe6f00000-0xe6ffffff 64bit pref]
[    3.859910] pci 0000:00:18.3: PCI bridge to [bus 1e]
[    3.859983] pci 0000:00:18.3:   bridge window [mem 0xfc500000-0xfc5fffff]
[    3.860044] pci 0000:00:18.3:   bridge window [mem 0xe6b00000-0xe6bfffff 64bit pref]
[    3.923040] pci 0000:00:18.4: PCI bridge to [bus 1f]
[    3.923119] pci 0000:00:18.4:   bridge window [mem 0xfc100000-0xfc1fffff]
[    3.923189] pci 0000:00:18.4:   bridge window [mem 0xe6700000-0xe67fffff 64bit pref]
[    3.978463] pci 0000:00:18.5: PCI bridge to [bus 20]
[    3.978535] pci 0000:00:18.5:   bridge window [mem 0xfbd00000-0xfbdfffff]
[    3.978595] pci 0000:00:18.5:   bridge window [mem 0xe6300000-0xe63fffff 64bit pref]
[    4.039657] pci 0000:00:18.6: PCI bridge to [bus 21]
[    4.039728] pci 0000:00:18.6:   bridge window [mem 0xfb900000-0xfb9fffff]
[    4.039788] pci 0000:00:18.6:   bridge window [mem 0xe5f00000-0xe5ffffff 64bit pref]
[    4.099339] pci 0000:00:18.7: PCI bridge to [bus 22]
[    4.099412] pci 0000:00:18.7:   bridge window [mem 0xfb500000-0xfb5fffff]
[    4.099472] pci 0000:00:18.7:   bridge window [mem 0xe5b00000-0xe5bfffff 64bit pref]
[    4.109779] ACPI: PCI: Interrupt link LNKA configured for IRQ 9
[    4.109779] ACPI: PCI: Interrupt link LNKB configured for IRQ 11
[    4.109779] ACPI: PCI: Interrupt link LNKC configured for IRQ 10
[    4.109779] ACPI: PCI: Interrupt link LNKD configured for IRQ 7
[    4.173825] iommu: Default domain type: Translated 
[    4.173830] iommu: DMA domain TLB invalidation policy: lazy mode 
[    4.174783] pci 0000:00:0f.0: vgaarb: setting as boot VGA device
[    4.174783] pci 0000:00:0f.0: vgaarb: VGA device added: decodes=io+mem,owns=io+mem,locks=none
[    4.174783] pci 0000:00:0f.0: vgaarb: bridge control possible
[    4.174783] vgaarb: loaded
[    4.177858] SCSI subsystem initialized
[    4.177860] libata version 3.00 loaded.
[    4.177865] ACPI: bus type USB registered
[    4.177880] usbcore: registered new interface driver usbfs
[    4.177901] usbcore: registered new interface driver hub
[    4.177942] usbcore: registered new device driver usb
[    4.178047] pps_core: LinuxPPS API ver. 1 registered
[    4.178048] pps_core: Software ver. 5.3.6 - Copyright 2005-2007 Rodolfo Giometti <giometti@linux.it>
[    4.178050] PTP clock support registered
[    4.178098] EDAC MC: Ver: 3.0.0
[    4.186661] NetLabel: Initializing
[    4.186664] NetLabel:  domain hash size = 128
[    4.186665] NetLabel:  protocols = UNLABELED CIPSOv4 CALIPSO
[    4.186683] NetLabel:  unlabeled traffic allowed by default
[    4.186763] PCI: Using ACPI for IRQ routing
[    4.460397] PCI: pci_cache_line_size set to 64 bytes
[    4.461779] e820: reserve RAM buffer [mem 0x0009e800-0x0009ffff]
[    4.461779] e820: reserve RAM buffer [mem 0xbfed0000-0xbfffffff]
[    4.466755] hpet0: at MMIO 0xfed00000, IRQs 2, 8, 0, 0, 0, 0, 0, 0, 0, 0, 0, 0, 0, 0, 0, 0
[    4.466764] hpet0: 16 comparators, 64-bit 14.318180 MHz counter
[    4.469779] clocksource: Switched to clocksource tsc-early
[    4.767855] VFS: Disk quotas dquot_6.6.0
[    4.767949] VFS: Dquot-cache hash table entries: 512 (order 0, 4096 bytes)
[    4.768563] AppArmor: AppArmor Filesystem Enabled
[    4.768602] pnp: PnP ACPI init
[    4.768949] system 00:00: [io  0x1000-0x103f] has been reserved
[    4.768953] system 00:00: [io  0x1040-0x104f] has been reserved
[    4.768956] system 00:00: [io  0x0cf0-0x0cf1] has been reserved
[    4.769517] system 00:04: [mem 0xfed00000-0xfed003ff] has been reserved
[    4.773230] pnp 00:06: [dma 2]
[    4.773746] system 00:07: [io  0xfce0-0xfcff] has been reserved
[    4.773751] system 00:07: [mem 0xf0000000-0xf7ffffff] has been reserved
[    4.773754] system 00:07: [mem 0xfe800000-0xfe9fffff] has been reserved
[    4.825916] pnp: PnP ACPI: found 8 devices
[    4.849863] clocksource: acpi_pm: mask: 0xffffff max_cycles: 0xffffff, max_idle_ns: 2085701024 ns
[    4.850841] NET: Registered PF_INET protocol family
[    4.861325] IP idents hash table entries: 65536 (order: 7, 524288 bytes, linear)
[    4.883794] tcp_listen_portaddr_hash hash table entries: 2048 (order: 3, 32768 bytes, linear)
[    4.888322] TCP established hash table entries: 32768 (order: 6, 262144 bytes, linear)
[    4.908409] TCP bind hash table entries: 32768 (order: 7, 524288 bytes, linear)
[    4.908501] TCP: Hash tables configured (established 32768 bind 32768)
[    4.917289] MPTCP token hash table entries: 4096 (order: 4, 98304 bytes, linear)
[    4.919995] UDP hash table entries: 2048 (order: 4, 65536 bytes, linear)
[    4.921802] UDP-Lite hash table entries: 2048 (order: 4, 65536 bytes, linear)
[    4.928762] NET: Registered PF_UNIX/PF_LOCAL protocol family
[    4.928777] NET: Registered PF_XDP protocol family
[    4.928814] pci 0000:00:15.3: bridge window [io  0x1000-0x0fff] to [bus 06] add_size 1000
[    4.928822] pci 0000:00:15.4: bridge window [io  0x1000-0x0fff] to [bus 07] add_size 1000
[    4.928826] pci 0000:00:15.5: bridge window [io  0x1000-0x0fff] to [bus 08] add_size 1000
[    4.928828] pci 0000:00:15.6: bridge window [io  0x1000-0x0fff] to [bus 09] add_size 1000
[    4.928831] pci 0000:00:15.7: bridge window [io  0x1000-0x0fff] to [bus 0a] add_size 1000
[    4.928835] pci 0000:00:16.3: bridge window [io  0x1000-0x0fff] to [bus 0e] add_size 1000
[    4.928838] pci 0000:00:16.4: bridge window [io  0x1000-0x0fff] to [bus 0f] add_size 1000
[    4.928841] pci 0000:00:16.5: bridge window [io  0x1000-0x0fff] to [bus 10] add_size 1000
[    4.928844] pci 0000:00:16.6: bridge window [io  0x1000-0x0fff] to [bus 11] add_size 1000
[    4.928847] pci 0000:00:16.7: bridge window [io  0x1000-0x0fff] to [bus 12] add_size 1000
[    4.928850] pci 0000:00:17.3: bridge window [io  0x1000-0x0fff] to [bus 16] add_size 1000
[    4.928853] pci 0000:00:17.4: bridge window [io  0x1000-0x0fff] to [bus 17] add_size 1000
[    4.928856] pci 0000:00:17.5: bridge window [io  0x1000-0x0fff] to [bus 18] add_size 1000
[    4.928859] pci 0000:00:17.6: bridge window [io  0x1000-0x0fff] to [bus 19] add_size 1000
[    4.928861] pci 0000:00:17.7: bridge window [io  0x1000-0x0fff] to [bus 1a] add_size 1000
[    4.928865] pci 0000:00:18.2: bridge window [io  0x1000-0x0fff] to [bus 1d] add_size 1000
[    4.928868] pci 0000:00:18.3: bridge window [io  0x1000-0x0fff] to [bus 1e] add_size 1000
[    4.928870] pci 0000:00:18.4: bridge window [io  0x1000-0x0fff] to [bus 1f] add_size 1000
[    4.928873] pci 0000:00:18.5: bridge window [io  0x1000-0x0fff] to [bus 20] add_size 1000
[    4.928876] pci 0000:00:18.6: bridge window [io  0x1000-0x0fff] to [bus 21] add_size 1000
[    4.928878] pci 0000:00:18.7: bridge window [io  0x1000-0x0fff] to [bus 22] add_size 1000
[    4.928904] pci 0000:00:0f.0: BAR 6: assigned [mem 0xc0000000-0xc0007fff pref]
[    4.928911] pci 0000:00:10.0: BAR 6: assigned [mem 0xc0008000-0xc000bfff pref]
[    4.928918] pci 0000:00:15.3: BAR 13: no space for [io  size 0x1000]
[    4.928921] pci 0000:00:15.3: BAR 13: failed to assign [io  size 0x1000]
[    4.928925] pci 0000:00:15.4: BAR 13: no space for [io  size 0x1000]
[    4.928927] pci 0000:00:15.4: BAR 13: failed to assign [io  size 0x1000]
[    4.928930] pci 0000:00:15.5: BAR 13: no space for [io  size 0x1000]
[    4.928932] pci 0000:00:15.5: BAR 13: failed to assign [io  size 0x1000]
[    4.928936] pci 0000:00:15.6: BAR 13: no space for [io  size 0x1000]
[    4.928938] pci 0000:00:15.6: BAR 13: failed to assign [io  size 0x1000]
[    4.928941] pci 0000:00:15.7: BAR 13: no space for [io  size 0x1000]
[    4.928943] pci 0000:00:15.7: BAR 13: failed to assign [io  size 0x1000]
[    4.928946] pci 0000:00:16.3: BAR 13: no space for [io  size 0x1000]
[    4.928948] pci 0000:00:16.3: BAR 13: failed to assign [io  size 0x1000]
[    4.928951] pci 0000:00:16.4: BAR 13: no space for [io  size 0x1000]
[    4.928953] pci 0000:00:16.4: BAR 13: failed to assign [io  size 0x1000]
[    4.928955] pci 0000:00:16.5: BAR 13: no space for [io  size 0x1000]
[    4.928957] pci 0000:00:16.5: BAR 13: failed to assign [io  size 0x1000]
[    4.928960] pci 0000:00:16.6: BAR 13: no space for [io  size 0x1000]
[    4.928962] pci 0000:00:16.6: BAR 13: failed to assign [io  size 0x1000]
[    4.928965] pci 0000:00:16.7: BAR 13: no space for [io  size 0x1000]
[    4.928967] pci 0000:00:16.7: BAR 13: failed to assign [io  size 0x1000]
[    4.928970] pci 0000:00:17.3: BAR 13: no space for [io  size 0x1000]
[    4.928972] pci 0000:00:17.3: BAR 13: failed to assign [io  size 0x1000]
[    4.928975] pci 0000:00:17.4: BAR 13: no space for [io  size 0x1000]
[    4.928977] pci 0000:00:17.4: BAR 13: failed to assign [io  size 0x1000]
[    4.928980] pci 0000:00:17.5: BAR 13: no space for [io  size 0x1000]
[    4.928982] pci 0000:00:17.5: BAR 13: failed to assign [io  size 0x1000]
[    4.928985] pci 0000:00:17.6: BAR 13: no space for [io  size 0x1000]
[    4.928987] pci 0000:00:17.6: BAR 13: failed to assign [io  size 0x1000]
[    4.928990] pci 0000:00:17.7: BAR 13: no space for [io  size 0x1000]
[    4.928992] pci 0000:00:17.7: BAR 13: failed to assign [io  size 0x1000]
[    4.928995] pci 0000:00:18.2: BAR 13: no space for [io  size 0x1000]
[    4.928997] pci 0000:00:18.2: BAR 13: failed to assign [io  size 0x1000]
[    4.929000] pci 0000:00:18.3: BAR 13: no space for [io  size 0x1000]
[    4.929002] pci 0000:00:18.3: BAR 13: failed to assign [io  size 0x1000]
[    4.929005] pci 0000:00:18.4: BAR 13: no space for [io  size 0x1000]
[    4.929007] pci 0000:00:18.4: BAR 13: failed to assign [io  size 0x1000]
[    4.929010] pci 0000:00:18.5: BAR 13: no space for [io  size 0x1000]
[    4.929012] pci 0000:00:18.5: BAR 13: failed to assign [io  size 0x1000]
[    4.929015] pci 0000:00:18.6: BAR 13: no space for [io  size 0x1000]
[    4.929017] pci 0000:00:18.6: BAR 13: failed to assign [io  size 0x1000]
[    4.929020] pci 0000:00:18.7: BAR 13: no space for [io  size 0x1000]
[    4.929022] pci 0000:00:18.7: BAR 13: failed to assign [io  size 0x1000]
[    4.929030] pci 0000:00:18.7: BAR 13: no space for [io  size 0x1000]
[    4.929032] pci 0000:00:18.7: BAR 13: failed to assign [io  size 0x1000]
[    4.929035] pci 0000:00:18.6: BAR 13: no space for [io  size 0x1000]
[    4.929037] pci 0000:00:18.6: BAR 13: failed to assign [io  size 0x1000]
[    4.929040] pci 0000:00:18.5: BAR 13: no space for [io  size 0x1000]
[    4.929042] pci 0000:00:18.5: BAR 13: failed to assign [io  size 0x1000]
[    4.929046] pci 0000:00:18.4: BAR 13: no space for [io  size 0x1000]
[    4.929047] pci 0000:00:18.4: BAR 13: failed to assign [io  size 0x1000]
[    4.929050] pci 0000:00:18.3: BAR 13: no space for [io  size 0x1000]
[    4.929053] pci 0000:00:18.3: BAR 13: failed to assign [io  size 0x1000]
[    4.929056] pci 0000:00:18.2: BAR 13: no space for [io  size 0x1000]
[    4.929058] pci 0000:00:18.2: BAR 13: failed to assign [io  size 0x1000]
[    4.929061] pci 0000:00:17.7: BAR 13: no space for [io  size 0x1000]
[    4.929063] pci 0000:00:17.7: BAR 13: failed to assign [io  size 0x1000]
[    4.929066] pci 0000:00:17.6: BAR 13: no space for [io  size 0x1000]
[    4.929068] pci 0000:00:17.6: BAR 13: failed to assign [io  size 0x1000]
[    4.929071] pci 0000:00:17.5: BAR 13: no space for [io  size 0x1000]
[    4.929073] pci 0000:00:17.5: BAR 13: failed to assign [io  size 0x1000]
[    4.929076] pci 0000:00:17.4: BAR 13: no space for [io  size 0x1000]
[    4.929078] pci 0000:00:17.4: BAR 13: failed to assign [io  size 0x1000]
[    4.929081] pci 0000:00:17.3: BAR 13: no space for [io  size 0x1000]
[    4.929083] pci 0000:00:17.3: BAR 13: failed to assign [io  size 0x1000]
[    4.929086] pci 0000:00:16.7: BAR 13: no space for [io  size 0x1000]
[    4.929088] pci 0000:00:16.7: BAR 13: failed to assign [io  size 0x1000]
[    4.929091] pci 0000:00:16.6: BAR 13: no space for [io  size 0x1000]
[    4.929093] pci 0000:00:16.6: BAR 13: failed to assign [io  size 0x1000]
[    4.929096] pci 0000:00:16.5: BAR 13: no space for [io  size 0x1000]
[    4.929098] pci 0000:00:16.5: BAR 13: failed to assign [io  size 0x1000]
[    4.929101] pci 0000:00:16.4: BAR 13: no space for [io  size 0x1000]
[    4.929103] pci 0000:00:16.4: BAR 13: failed to assign [io  size 0x1000]
[    4.929106] pci 0000:00:16.3: BAR 13: no space for [io  size 0x1000]
[    4.929108] pci 0000:00:16.3: BAR 13: failed to assign [io  size 0x1000]
[    4.929111] pci 0000:00:15.7: BAR 13: no space for [io  size 0x1000]
[    4.929113] pci 0000:00:15.7: BAR 13: failed to assign [io  size 0x1000]
[    4.929116] pci 0000:00:15.6: BAR 13: no space for [io  size 0x1000]
[    4.929118] pci 0000:00:15.6: BAR 13: failed to assign [io  size 0x1000]
[    4.929121] pci 0000:00:15.5: BAR 13: no space for [io  size 0x1000]
[    4.929123] pci 0000:00:15.5: BAR 13: failed to assign [io  size 0x1000]
[    4.929126] pci 0000:00:15.4: BAR 13: no space for [io  size 0x1000]
[    4.929128] pci 0000:00:15.4: BAR 13: failed to assign [io  size 0x1000]
[    4.929131] pci 0000:00:15.3: BAR 13: no space for [io  size 0x1000]
[    4.929133] pci 0000:00:15.3: BAR 13: failed to assign [io  size 0x1000]
[    4.929137] pci 0000:00:01.0: PCI bridge to [bus 01]
[    4.929502] pci 0000:02:01.0: BAR 6: assigned [mem 0xfd500000-0xfd50ffff pref]
[    4.929508] pci 0000:02:04.0: BAR 6: assigned [mem 0xfd510000-0xfd51ffff pref]
[    4.929513] pci 0000:00:11.0: PCI bridge to [bus 02]
[    4.929555] pci 0000:00:11.0:   bridge window [io  0x2000-0x3fff]
[    4.929670] pci 0000:00:11.0:   bridge window [mem 0xfd500000-0xfdffffff]
[    4.929751] pci 0000:00:11.0:   bridge window [mem 0xe7b00000-0xe7ffffff 64bit pref]
[    4.929903] pci 0000:00:15.0: PCI bridge to [bus 03]
[    4.929945] pci 0000:00:15.0:   bridge window [io  0x4000-0x4fff]
[    4.930063] pci 0000:00:15.0:   bridge window [mem 0xfd400000-0xfd4fffff]
[    4.930153] pci 0000:00:15.0:   bridge window [mem 0xe7a00000-0xe7afffff 64bit pref]
[    4.930497] pci 0000:00:15.1: PCI bridge to [bus 04]
[    4.930540] pci 0000:00:15.1:   bridge window [io  0x8000-0x8fff]
[    4.930655] pci 0000:00:15.1:   bridge window [mem 0xfd000000-0xfd0fffff]
[    4.930734] pci 0000:00:15.1:   bridge window [mem 0xe7600000-0xe76fffff 64bit pref]
[    4.930930] pci 0000:00:15.2: PCI bridge to [bus 05]
[    4.930972] pci 0000:00:15.2:   bridge window [io  0xc000-0xcfff]
[    4.931086] pci 0000:00:15.2:   bridge window [mem 0xfcc00000-0xfccfffff]
[    4.931164] pci 0000:00:15.2:   bridge window [mem 0xe7200000-0xe72fffff 64bit pref]
[    4.931684] pci 0000:00:15.3: PCI bridge to [bus 06]
[    4.931979] pci 0000:00:15.3:   bridge window [mem 0xfc800000-0xfc8fffff]
[    4.932061] pci 0000:00:15.3:   bridge window [mem 0xe6e00000-0xe6efffff 64bit pref]
[    4.932338] pci 0000:00:15.4: PCI bridge to [bus 07]
[    4.932466] pci 0000:00:15.4:   bridge window [mem 0xfc400000-0xfc4fffff]
[    4.932554] pci 0000:00:15.4:   bridge window [mem 0xe6a00000-0xe6afffff 64bit pref]
[    4.932751] pci 0000:00:15.5: PCI bridge to [bus 08]
[    4.932867] pci 0000:00:15.5:   bridge window [mem 0xfc000000-0xfc0fffff]
[    4.932946] pci 0000:00:15.5:   bridge window [mem 0xe6600000-0xe66fffff 64bit pref]
[    4.933138] pci 0000:00:15.6: PCI bridge to [bus 09]
[    4.933253] pci 0000:00:15.6:   bridge window [mem 0xfbc00000-0xfbcfffff]
[    4.933331] pci 0000:00:15.6:   bridge window [mem 0xe6200000-0xe62fffff 64bit pref]
[    4.933521] pci 0000:00:15.7: PCI bridge to [bus 0a]
[    4.933636] pci 0000:00:15.7:   bridge window [mem 0xfb800000-0xfb8fffff]
[    4.933714] pci 0000:00:15.7:   bridge window [mem 0xe5e00000-0xe5efffff 64bit pref]
[    4.933904] pci 0000:00:16.0: PCI bridge to [bus 0b]
[    4.933948] pci 0000:00:16.0:   bridge window [io  0x5000-0x5fff]
[    4.934062] pci 0000:00:16.0:   bridge window [mem 0xfd300000-0xfd3fffff]
[    4.934144] pci 0000:00:16.0:   bridge window [mem 0xe7900000-0xe79fffff 64bit pref]
[    4.934494] pci 0000:00:16.1: PCI bridge to [bus 0c]
[    4.934538] pci 0000:00:16.1:   bridge window [io  0x9000-0x9fff]
[    4.934653] pci 0000:00:16.1:   bridge window [mem 0xfcf00000-0xfcffffff]
[    4.934731] pci 0000:00:16.1:   bridge window [mem 0xe7500000-0xe75fffff 64bit pref]
[    4.934925] pci 0000:00:16.2: PCI bridge to [bus 0d]
[    4.935007] pci 0000:00:16.2:   bridge window [io  0xd000-0xdfff]
[    4.935106] pci 0000:00:16.2:   bridge window [mem 0xfcb00000-0xfcbfffff]
[    4.935173] pci 0000:00:16.2:   bridge window [mem 0xe7100000-0xe71fffff 64bit pref]
[    4.935363] pci 0000:00:16.3: PCI bridge to [bus 0e]
[    4.935463] pci 0000:00:16.3:   bridge window [mem 0xfc700000-0xfc7fffff]
[    4.935530] pci 0000:00:16.3:   bridge window [mem 0xe6d00000-0xe6dfffff 64bit pref]
[    4.935694] pci 0000:00:16.4: PCI bridge to [bus 0f]
[    4.935793] pci 0000:00:16.4:   bridge window [mem 0xfc300000-0xfc3fffff]
[    4.935861] pci 0000:00:16.4:   bridge window [mem 0xe6900000-0xe69fffff 64bit pref]
[    4.936023] pci 0000:00:16.5: PCI bridge to [bus 10]
[    4.936123] pci 0000:00:16.5:   bridge window [mem 0xfbf00000-0xfbffffff]
[    4.936191] pci 0000:00:16.5:   bridge window [mem 0xe6500000-0xe65fffff 64bit pref]
[    4.936354] pci 0000:00:16.6: PCI bridge to [bus 11]
[    4.936453] pci 0000:00:16.6:   bridge window [mem 0xfbb00000-0xfbbfffff]
[    4.936520] pci 0000:00:16.6:   bridge window [mem 0xe6100000-0xe61fffff 64bit pref]
[    4.936683] pci 0000:00:16.7: PCI bridge to [bus 12]
[    4.936782] pci 0000:00:16.7:   bridge window [mem 0xfb700000-0xfb7fffff]
[    4.936849] pci 0000:00:16.7:   bridge window [mem 0xe5d00000-0xe5dfffff 64bit pref]
[    4.937013] pci 0000:00:17.0: PCI bridge to [bus 13]
[    4.937061] pci 0000:00:17.0:   bridge window [io  0x6000-0x6fff]
[    4.937159] pci 0000:00:17.0:   bridge window [mem 0xfd200000-0xfd2fffff]
[    4.937227] pci 0000:00:17.0:   bridge window [mem 0xe7800000-0xe78fffff 64bit pref]
[    4.937389] pci 0000:00:17.1: PCI bridge to [bus 14]
[    4.937425] pci 0000:00:17.1:   bridge window [io  0xa000-0xafff]
[    4.937524] pci 0000:00:17.1:   bridge window [mem 0xfce00000-0xfcefffff]
[    4.937591] pci 0000:00:17.1:   bridge window [mem 0xe7400000-0xe74fffff 64bit pref]
[    4.937755] pci 0000:00:17.2: PCI bridge to [bus 15]
[    4.937791] pci 0000:00:17.2:   bridge window [io  0xe000-0xefff]
[    4.937889] pci 0000:00:17.2:   bridge window [mem 0xfca00000-0xfcafffff]
[    4.937956] pci 0000:00:17.2:   bridge window [mem 0xe7000000-0xe70fffff 64bit pref]
[    4.938157] pci 0000:00:17.3: PCI bridge to [bus 16]
[    4.938257] pci 0000:00:17.3:   bridge window [mem 0xfc600000-0xfc6fffff]
[    4.938393] pci 0000:00:17.3:   bridge window [mem 0xe6c00000-0xe6cfffff 64bit pref]
[    4.938561] pci 0000:00:17.4: PCI bridge to [bus 17]
[    4.938660] pci 0000:00:17.4:   bridge window [mem 0xfc200000-0xfc2fffff]
[    4.938727] pci 0000:00:17.4:   bridge window [mem 0xe6800000-0xe68fffff 64bit pref]
[    4.938890] pci 0000:00:17.5: PCI bridge to [bus 18]
[    4.938989] pci 0000:00:17.5:   bridge window [mem 0xfbe00000-0xfbefffff]
[    4.939059] pci 0000:00:17.5:   bridge window [mem 0xe6400000-0xe64fffff 64bit pref]
[    4.939222] pci 0000:00:17.6: PCI bridge to [bus 19]
[    4.939321] pci 0000:00:17.6:   bridge window [mem 0xfba00000-0xfbafffff]
[    4.939388] pci 0000:00:17.6:   bridge window [mem 0xe6000000-0xe60fffff 64bit pref]
[    4.939551] pci 0000:00:17.7: PCI bridge to [bus 1a]
[    4.939651] pci 0000:00:17.7:   bridge window [mem 0xfb600000-0xfb6fffff]
[    4.939718] pci 0000:00:17.7:   bridge window [mem 0xe5c00000-0xe5cfffff 64bit pref]
[    4.939881] pci 0000:00:18.0: PCI bridge to [bus 1b]
[    4.939917] pci 0000:00:18.0:   bridge window [io  0x7000-0x7fff]
[    4.940015] pci 0000:00:18.0:   bridge window [mem 0xfd100000-0xfd1fffff]
[    4.940084] pci 0000:00:18.0:   bridge window [mem 0xe7700000-0xe77fffff 64bit pref]
[    4.940246] pci 0000:00:18.1: PCI bridge to [bus 1c]
[    4.940282] pci 0000:00:18.1:   bridge window [io  0xb000-0xbfff]
[    4.940381] pci 0000:00:18.1:   bridge window [mem 0xfcd00000-0xfcdfffff]
[    4.940448] pci 0000:00:18.1:   bridge window [mem 0xe7300000-0xe73fffff 64bit pref]
[    4.940618] pci 0000:00:18.2: PCI bridge to [bus 1d]
[    4.940717] pci 0000:00:18.2:   bridge window [mem 0xfc900000-0xfc9fffff]
[    4.940785] pci 0000:00:18.2:   bridge window [mem 0xe6f00000-0xe6ffffff 64bit pref]
[    4.940948] pci 0000:00:18.3: PCI bridge to [bus 1e]
[    4.941047] pci 0000:00:18.3:   bridge window [mem 0xfc500000-0xfc5fffff]
[    4.941115] pci 0000:00:18.3:   bridge window [mem 0xe6b00000-0xe6bfffff 64bit pref]
[    4.941277] pci 0000:00:18.4: PCI bridge to [bus 1f]
[    4.941376] pci 0000:00:18.4:   bridge window [mem 0xfc100000-0xfc1fffff]
[    4.941444] pci 0000:00:18.4:   bridge window [mem 0xe6700000-0xe67fffff 64bit pref]
[    4.941625] pci 0000:00:18.5: PCI bridge to [bus 20]
[    4.941724] pci 0000:00:18.5:   bridge window [mem 0xfbd00000-0xfbdfffff]
[    4.941791] pci 0000:00:18.5:   bridge window [mem 0xe6300000-0xe63fffff 64bit pref]
[    4.941955] pci 0000:00:18.6: PCI bridge to [bus 21]
[    4.942054] pci 0000:00:18.6:   bridge window [mem 0xfb900000-0xfb9fffff]
[    4.942235] pci 0000:00:18.6:   bridge window [mem 0xe5f00000-0xe5ffffff 64bit pref]
[    4.942402] pci 0000:00:18.7: PCI bridge to [bus 22]
[    4.942501] pci 0000:00:18.7:   bridge window [mem 0xfb500000-0xfb5fffff]
[    4.942568] pci 0000:00:18.7:   bridge window [mem 0xe5b00000-0xe5bfffff 64bit pref]
[    4.942733] pci_bus 0000:00: resource 4 [mem 0x000a0000-0x000bffff window]
[    4.942738] pci_bus 0000:00: resource 5 [mem 0x000d0000-0x000d3fff window]
[    4.942740] pci_bus 0000:00: resource 6 [mem 0x000d4000-0x000d7fff window]
[    4.942742] pci_bus 0000:00: resource 7 [mem 0x000d8000-0x000dbfff window]
[    4.942744] pci_bus 0000:00: resource 8 [mem 0xc0000000-0xfebfffff window]
[    4.942746] pci_bus 0000:00: resource 9 [io  0x0000-0x0cf7 window]
[    4.942748] pci_bus 0000:00: resource 10 [io  0x0d00-0xfeff window]
[    4.942753] pci_bus 0000:02: resource 0 [io  0x2000-0x3fff]
[    4.942755] pci_bus 0000:02: resource 1 [mem 0xfd500000-0xfdffffff]
[    4.942757] pci_bus 0000:02: resource 2 [mem 0xe7b00000-0xe7ffffff 64bit pref]
[    4.942759] pci_bus 0000:02: resource 4 [mem 0x000a0000-0x000bffff window]
[    4.942761] pci_bus 0000:02: resource 5 [mem 0x000d0000-0x000d3fff window]
[    4.942763] pci_bus 0000:02: resource 6 [mem 0x000d4000-0x000d7fff window]
[    4.942764] pci_bus 0000:02: resource 7 [mem 0x000d8000-0x000dbfff window]
[    4.942766] pci_bus 0000:02: resource 8 [mem 0xc0000000-0xfebfffff window]
[    4.942769] pci_bus 0000:02: resource 9 [io  0x0000-0x0cf7 window]
[    4.942771] pci_bus 0000:02: resource 10 [io  0x0d00-0xfeff window]
[    4.942774] pci_bus 0000:03: resource 0 [io  0x4000-0x4fff]
[    4.942776] pci_bus 0000:03: resource 1 [mem 0xfd400000-0xfd4fffff]
[    4.942778] pci_bus 0000:03: resource 2 [mem 0xe7a00000-0xe7afffff 64bit pref]
[    4.942781] pci_bus 0000:04: resource 0 [io  0x8000-0x8fff]
[    4.942782] pci_bus 0000:04: resource 1 [mem 0xfd000000-0xfd0fffff]
[    4.942784] pci_bus 0000:04: resource 2 [mem 0xe7600000-0xe76fffff 64bit pref]
[    4.942787] pci_bus 0000:05: resource 0 [io  0xc000-0xcfff]
[    4.942788] pci_bus 0000:05: resource 1 [mem 0xfcc00000-0xfccfffff]
[    4.942791] pci_bus 0000:05: resource 2 [mem 0xe7200000-0xe72fffff 64bit pref]
[    4.942793] pci_bus 0000:06: resource 1 [mem 0xfc800000-0xfc8fffff]
[    4.942795] pci_bus 0000:06: resource 2 [mem 0xe6e00000-0xe6efffff 64bit pref]
[    4.942797] pci_bus 0000:07: resource 1 [mem 0xfc400000-0xfc4fffff]
[    4.942799] pci_bus 0000:07: resource 2 [mem 0xe6a00000-0xe6afffff 64bit pref]
[    4.942801] pci_bus 0000:08: resource 1 [mem 0xfc000000-0xfc0fffff]
[    4.942803] pci_bus 0000:08: resource 2 [mem 0xe6600000-0xe66fffff 64bit pref]
[    4.942805] pci_bus 0000:09: resource 1 [mem 0xfbc00000-0xfbcfffff]
[    4.942807] pci_bus 0000:09: resource 2 [mem 0xe6200000-0xe62fffff 64bit pref]
[    4.942809] pci_bus 0000:0a: resource 1 [mem 0xfb800000-0xfb8fffff]
[    4.942811] pci_bus 0000:0a: resource 2 [mem 0xe5e00000-0xe5efffff 64bit pref]
[    4.942813] pci_bus 0000:0b: resource 0 [io  0x5000-0x5fff]
[    4.942815] pci_bus 0000:0b: resource 1 [mem 0xfd300000-0xfd3fffff]
[    4.942817] pci_bus 0000:0b: resource 2 [mem 0xe7900000-0xe79fffff 64bit pref]
[    4.942819] pci_bus 0000:0c: resource 0 [io  0x9000-0x9fff]
[    4.942821] pci_bus 0000:0c: resource 1 [mem 0xfcf00000-0xfcffffff]
[    4.942823] pci_bus 0000:0c: resource 2 [mem 0xe7500000-0xe75fffff 64bit pref]
[    4.942825] pci_bus 0000:0d: resource 0 [io  0xd000-0xdfff]
[    4.942827] pci_bus 0000:0d: resource 1 [mem 0xfcb00000-0xfcbfffff]
[    4.942828] pci_bus 0000:0d: resource 2 [mem 0xe7100000-0xe71fffff 64bit pref]
[    4.942831] pci_bus 0000:0e: resource 1 [mem 0xfc700000-0xfc7fffff]
[    4.942832] pci_bus 0000:0e: resource 2 [mem 0xe6d00000-0xe6dfffff 64bit pref]
[    4.942834] pci_bus 0000:0f: resource 1 [mem 0xfc300000-0xfc3fffff]
[    4.942836] pci_bus 0000:0f: resource 2 [mem 0xe6900000-0xe69fffff 64bit pref]
[    4.942838] pci_bus 0000:10: resource 1 [mem 0xfbf00000-0xfbffffff]
[    4.942840] pci_bus 0000:10: resource 2 [mem 0xe6500000-0xe65fffff 64bit pref]
[    4.942842] pci_bus 0000:11: resource 1 [mem 0xfbb00000-0xfbbfffff]
[    4.942844] pci_bus 0000:11: resource 2 [mem 0xe6100000-0xe61fffff 64bit pref]
[    4.942846] pci_bus 0000:12: resource 1 [mem 0xfb700000-0xfb7fffff]
[    4.942848] pci_bus 0000:12: resource 2 [mem 0xe5d00000-0xe5dfffff 64bit pref]
[    4.942850] pci_bus 0000:13: resource 0 [io  0x6000-0x6fff]
[    4.942852] pci_bus 0000:13: resource 1 [mem 0xfd200000-0xfd2fffff]
[    4.942854] pci_bus 0000:13: resource 2 [mem 0xe7800000-0xe78fffff 64bit pref]
[    4.942856] pci_bus 0000:14: resource 0 [io  0xa000-0xafff]
[    4.942858] pci_bus 0000:14: resource 1 [mem 0xfce00000-0xfcefffff]
[    4.942860] pci_bus 0000:14: resource 2 [mem 0xe7400000-0xe74fffff 64bit pref]
[    4.942862] pci_bus 0000:15: resource 0 [io  0xe000-0xefff]
[    4.942864] pci_bus 0000:15: resource 1 [mem 0xfca00000-0xfcafffff]
[    4.942866] pci_bus 0000:15: resource 2 [mem 0xe7000000-0xe70fffff 64bit pref]
[    4.942868] pci_bus 0000:16: resource 1 [mem 0xfc600000-0xfc6fffff]
[    4.942870] pci_bus 0000:16: resource 2 [mem 0xe6c00000-0xe6cfffff 64bit pref]
[    4.942872] pci_bus 0000:17: resource 1 [mem 0xfc200000-0xfc2fffff]
[    4.942874] pci_bus 0000:17: resource 2 [mem 0xe6800000-0xe68fffff 64bit pref]
[    4.942876] pci_bus 0000:18: resource 1 [mem 0xfbe00000-0xfbefffff]
[    4.942878] pci_bus 0000:18: resource 2 [mem 0xe6400000-0xe64fffff 64bit pref]
[    4.942880] pci_bus 0000:19: resource 1 [mem 0xfba00000-0xfbafffff]
[    4.942882] pci_bus 0000:19: resource 2 [mem 0xe6000000-0xe60fffff 64bit pref]
[    4.942884] pci_bus 0000:1a: resource 1 [mem 0xfb600000-0xfb6fffff]
[    4.942886] pci_bus 0000:1a: resource 2 [mem 0xe5c00000-0xe5cfffff 64bit pref]
[    4.942888] pci_bus 0000:1b: resource 0 [io  0x7000-0x7fff]
[    4.942889] pci_bus 0000:1b: resource 1 [mem 0xfd100000-0xfd1fffff]
[    4.942891] pci_bus 0000:1b: resource 2 [mem 0xe7700000-0xe77fffff 64bit pref]
[    4.942893] pci_bus 0000:1c: resource 0 [io  0xb000-0xbfff]
[    4.942895] pci_bus 0000:1c: resource 1 [mem 0xfcd00000-0xfcdfffff]
[    4.942897] pci_bus 0000:1c: resource 2 [mem 0xe7300000-0xe73fffff 64bit pref]
[    4.942899] pci_bus 0000:1d: resource 1 [mem 0xfc900000-0xfc9fffff]
[    4.942901] pci_bus 0000:1d: resource 2 [mem 0xe6f00000-0xe6ffffff 64bit pref]
[    4.942903] pci_bus 0000:1e: resource 1 [mem 0xfc500000-0xfc5fffff]
[    4.942905] pci_bus 0000:1e: resource 2 [mem 0xe6b00000-0xe6bfffff 64bit pref]
[    4.942907] pci_bus 0000:1f: resource 1 [mem 0xfc100000-0xfc1fffff]
[    4.942909] pci_bus 0000:1f: resource 2 [mem 0xe6700000-0xe67fffff 64bit pref]
[    4.942911] pci_bus 0000:20: resource 1 [mem 0xfbd00000-0xfbdfffff]
[    4.942912] pci_bus 0000:20: resource 2 [mem 0xe6300000-0xe63fffff 64bit pref]
[    4.942914] pci_bus 0000:21: resource 1 [mem 0xfb900000-0xfb9fffff]
[    4.942916] pci_bus 0000:21: resource 2 [mem 0xe5f00000-0xe5ffffff 64bit pref]
[    4.942918] pci_bus 0000:22: resource 1 [mem 0xfb500000-0xfb5fffff]
[    4.942920] pci_bus 0000:22: resource 2 [mem 0xe5b00000-0xe5bfffff 64bit pref]
[    4.943282] pci 0000:00:00.0: Limiting direct PCI/PCI transfers
[    4.943530] pci 0000:00:0f.0: Video device with shadowed ROM at [mem 0x000c0000-0x000dffff]
[    4.947661] pci 0000:02:01.0: CLS mismatch (32 != 64), using 64 bytes
[    4.949662] PCI-DMA: Using software bounce buffering for IO (SWIOTLB)
[    4.949667] software IO TLB: mapped [mem 0x00000000bbed0000-0x00000000bfed0000] (64MB)
[    4.949906] clocksource: tsc: mask: 0xffffffffffffffff max_cycles: 0x100d48ce7a0, max_idle_ns: 440795212195 ns
[    4.950223] clocksource: Switched to clocksource tsc
[    4.953008] Trying to unpack rootfs image as initramfs...
[    4.962681] Initialise system trusted keyrings
[    4.962712] Key type blacklist registered
[    4.963188] workingset: timestamp_bits=36 max_order=20 bucket_order=0
[    4.973108] zbud: loaded
[    4.974062] squashfs: version 4.0 (2009/01/31) Phillip Lougher
[    4.975329] fuse: init (API version 7.34)
[    4.979895] integrity: Platform Keyring initialized
[    4.996072] Key type asymmetric registered
[    4.996078] Asymmetric key parser 'x509' registered
[    4.996166] Block layer SCSI generic (bsg) driver version 0.4 loaded (major 243)
[    4.996615] io scheduler mq-deadline registered
[    5.000012] pcieport 0000:00:15.0: PME: Signaling with IRQ 24
[    5.000221] pcieport 0000:00:15.0: pciehp: Slot #160 AttnBtn+ PwrCtrl+ MRL- AttnInd- PwrInd- HotPlug+ Surprise- Interlock- NoCompl+ IbPresDis- LLActRep+
[    5.006031] pcieport 0000:00:15.1: PME: Signaling with IRQ 25
[    5.006438] pcieport 0000:00:15.1: pciehp: Slot #161 AttnBtn+ PwrCtrl+ MRL- AttnInd- PwrInd- HotPlug+ Surprise- Interlock- NoCompl+ IbPresDis- LLActRep+
[    5.009193] pcieport 0000:00:15.2: PME: Signaling with IRQ 26
[    5.009397] pcieport 0000:00:15.2: pciehp: Slot #162 AttnBtn+ PwrCtrl+ MRL- AttnInd- PwrInd- HotPlug+ Surprise- Interlock- NoCompl+ IbPresDis- LLActRep+
[    5.014628] pcieport 0000:00:15.3: PME: Signaling with IRQ 27
[    5.014915] pcieport 0000:00:15.3: pciehp: Slot #163 AttnBtn+ PwrCtrl+ MRL- AttnInd- PwrInd- HotPlug+ Surprise- Interlock- NoCompl+ IbPresDis- LLActRep+
[    5.019998] pcieport 0000:00:15.4: PME: Signaling with IRQ 28
[    5.020265] pcieport 0000:00:15.4: pciehp: Slot #164 AttnBtn+ PwrCtrl+ MRL- AttnInd- PwrInd- HotPlug+ Surprise- Interlock- NoCompl+ IbPresDis- LLActRep+
[    5.023372] pcieport 0000:00:15.5: PME: Signaling with IRQ 29
[    5.023585] pcieport 0000:00:15.5: pciehp: Slot #165 AttnBtn+ PwrCtrl+ MRL- AttnInd- PwrInd- HotPlug+ Surprise- Interlock- NoCompl+ IbPresDis- LLActRep+
[    5.026498] pcieport 0000:00:15.6: PME: Signaling with IRQ 30
[    5.026733] pcieport 0000:00:15.6: pciehp: Slot #166 AttnBtn+ PwrCtrl+ MRL- AttnInd- PwrInd- HotPlug+ Surprise- Interlock- NoCompl+ IbPresDis- LLActRep+
[    5.029478] pcieport 0000:00:15.7: PME: Signaling with IRQ 31
[    5.029682] pcieport 0000:00:15.7: pciehp: Slot #167 AttnBtn+ PwrCtrl+ MRL- AttnInd- PwrInd- HotPlug+ Surprise- Interlock- NoCompl+ IbPresDis- LLActRep+
[    5.032809] pcieport 0000:00:16.0: PME: Signaling with IRQ 32
[    5.033018] pcieport 0000:00:16.0: pciehp: Slot #192 AttnBtn+ PwrCtrl+ MRL- AttnInd- PwrInd- HotPlug+ Surprise- Interlock- NoCompl+ IbPresDis- LLActRep+
[    5.036331] pcieport 0000:00:16.1: PME: Signaling with IRQ 33
[    5.036570] pcieport 0000:00:16.1: pciehp: Slot #193 AttnBtn+ PwrCtrl+ MRL- AttnInd- PwrInd- HotPlug+ Surprise- Interlock- NoCompl+ IbPresDis- LLActRep+
[    5.041120] pcieport 0000:00:16.2: PME: Signaling with IRQ 34
[    5.041433] pcieport 0000:00:16.2: pciehp: Slot #194 AttnBtn+ PwrCtrl+ MRL- AttnInd- PwrInd- HotPlug+ Surprise- Interlock- NoCompl+ IbPresDis- LLActRep+
[    5.046188] pcieport 0000:00:16.3: PME: Signaling with IRQ 35
[    5.047148] pcieport 0000:00:16.3: pciehp: Slot #195 AttnBtn+ PwrCtrl+ MRL- AttnInd- PwrInd- HotPlug+ Surprise- Interlock- NoCompl+ IbPresDis- LLActRep+
[    5.050404] pcieport 0000:00:16.4: PME: Signaling with IRQ 36
[    5.050654] pcieport 0000:00:16.4: pciehp: Slot #196 AttnBtn+ PwrCtrl+ MRL- AttnInd- PwrInd- HotPlug+ Surprise- Interlock- NoCompl+ IbPresDis- LLActRep+
[    5.053495] pcieport 0000:00:16.5: PME: Signaling with IRQ 37
[    5.053723] pcieport 0000:00:16.5: pciehp: Slot #197 AttnBtn+ PwrCtrl+ MRL- AttnInd- PwrInd- HotPlug+ Surprise- Interlock- NoCompl+ IbPresDis- LLActRep+
[    5.057172] pcieport 0000:00:16.6: PME: Signaling with IRQ 38
[    5.057474] pcieport 0000:00:16.6: pciehp: Slot #198 AttnBtn+ PwrCtrl+ MRL- AttnInd- PwrInd- HotPlug+ Surprise- Interlock- NoCompl+ IbPresDis- LLActRep+
[    5.062342] pcieport 0000:00:16.7: PME: Signaling with IRQ 39
[    5.062549] pcieport 0000:00:16.7: pciehp: Slot #199 AttnBtn+ PwrCtrl+ MRL- AttnInd- PwrInd- HotPlug+ Surprise- Interlock- NoCompl+ IbPresDis- LLActRep+
[    5.065596] pcieport 0000:00:17.0: PME: Signaling with IRQ 40
[    5.065827] pcieport 0000:00:17.0: pciehp: Slot #224 AttnBtn+ PwrCtrl+ MRL- AttnInd- PwrInd- HotPlug+ Surprise- Interlock- NoCompl+ IbPresDis- LLActRep+
[    5.068550] pcieport 0000:00:17.1: PME: Signaling with IRQ 41
[    5.068777] pcieport 0000:00:17.1: pciehp: Slot #225 AttnBtn+ PwrCtrl+ MRL- AttnInd- PwrInd- HotPlug+ Surprise- Interlock- NoCompl+ IbPresDis- LLActRep+
[    5.072484] pcieport 0000:00:17.2: PME: Signaling with IRQ 42
[    5.072716] pcieport 0000:00:17.2: pciehp: Slot #226 AttnBtn+ PwrCtrl+ MRL- AttnInd- PwrInd- HotPlug+ Surprise- Interlock- NoCompl+ IbPresDis- LLActRep+
[    5.076396] pcieport 0000:00:17.3: PME: Signaling with IRQ 43
[    5.076602] pcieport 0000:00:17.3: pciehp: Slot #227 AttnBtn+ PwrCtrl+ MRL- AttnInd- PwrInd- HotPlug+ Surprise- Interlock- NoCompl+ IbPresDis- LLActRep+
[    5.081146] pcieport 0000:00:17.4: PME: Signaling with IRQ 44
[    5.081425] pcieport 0000:00:17.4: pciehp: Slot #228 AttnBtn+ PwrCtrl+ MRL- AttnInd- PwrInd- HotPlug+ Surprise- Interlock- NoCompl+ IbPresDis- LLActRep+
[    5.084337] pcieport 0000:00:17.5: PME: Signaling with IRQ 45
[    5.084568] pcieport 0000:00:17.5: pciehp: Slot #229 AttnBtn+ PwrCtrl+ MRL- AttnInd- PwrInd- HotPlug+ Surprise- Interlock- NoCompl+ IbPresDis- LLActRep+
[    5.088313] pcieport 0000:00:17.6: PME: Signaling with IRQ 46
[    5.088524] pcieport 0000:00:17.6: pciehp: Slot #230 AttnBtn+ PwrCtrl+ MRL- AttnInd- PwrInd- HotPlug+ Surprise- Interlock- NoCompl+ IbPresDis- LLActRep+
[    5.091305] pcieport 0000:00:17.7: PME: Signaling with IRQ 47
[    5.091535] pcieport 0000:00:17.7: pciehp: Slot #231 AttnBtn+ PwrCtrl+ MRL- AttnInd- PwrInd- HotPlug+ Surprise- Interlock- NoCompl+ IbPresDis- LLActRep+
[    5.095263] pcieport 0000:00:18.0: PME: Signaling with IRQ 48
[    5.095471] pcieport 0000:00:18.0: pciehp: Slot #256 AttnBtn+ PwrCtrl+ MRL- AttnInd- PwrInd- HotPlug+ Surprise- Interlock- NoCompl+ IbPresDis- LLActRep+
[    5.098881] pcieport 0000:00:18.1: PME: Signaling with IRQ 49
[    5.099113] pcieport 0000:00:18.1: pciehp: Slot #257 AttnBtn+ PwrCtrl+ MRL- AttnInd- PwrInd- HotPlug+ Surprise- Interlock- NoCompl+ IbPresDis- LLActRep+
[    5.102529] pcieport 0000:00:18.2: PME: Signaling with IRQ 50
[    5.102874] pcieport 0000:00:18.2: pciehp: Slot #258 AttnBtn+ PwrCtrl+ MRL- AttnInd- PwrInd- HotPlug+ Surprise- Interlock- NoCompl+ IbPresDis- LLActRep+
[    5.107215] pcieport 0000:00:18.3: PME: Signaling with IRQ 51
[    5.107459] pcieport 0000:00:18.3: pciehp: Slot #259 AttnBtn+ PwrCtrl+ MRL- AttnInd- PwrInd- HotPlug+ Surprise- Interlock- NoCompl+ IbPresDis- LLActRep+
[    5.110414] pcieport 0000:00:18.4: PME: Signaling with IRQ 52
[    5.110651] pcieport 0000:00:18.4: pciehp: Slot #260 AttnBtn+ PwrCtrl+ MRL- AttnInd- PwrInd- HotPlug+ Surprise- Interlock- NoCompl+ IbPresDis- LLActRep+
[    5.113692] pcieport 0000:00:18.5: PME: Signaling with IRQ 53
[    5.114024] pcieport 0000:00:18.5: pciehp: Slot #261 AttnBtn+ PwrCtrl+ MRL- AttnInd- PwrInd- HotPlug+ Surprise- Interlock- NoCompl+ IbPresDis- LLActRep+
[    5.117960] pcieport 0000:00:18.6: PME: Signaling with IRQ 54
[    5.118250] pcieport 0000:00:18.6: pciehp: Slot #262 AttnBtn+ PwrCtrl+ MRL- AttnInd- PwrInd- HotPlug+ Surprise- Interlock- NoCompl+ IbPresDis- LLActRep+
[    5.121205] pcieport 0000:00:18.7: PME: Signaling with IRQ 55
[    5.121412] pcieport 0000:00:18.7: pciehp: Slot #263 AttnBtn+ PwrCtrl+ MRL- AttnInd- PwrInd- HotPlug+ Surprise- Interlock- NoCompl+ IbPresDis- LLActRep+
[    5.123098] shpchp: Standard Hot Plug PCI Controller Driver version: 0.4
[    5.124977] ACPI: AC: AC Adapter [ACAD] (on-line)
[    5.125279] input: Power Button as /devices/LNXSYSTM:00/LNXPWRBN:00/input/input0
[    5.125398] ACPI: button: Power Button [PWRF]
[    5.128099] Serial: 8250/16550 driver, 32 ports, IRQ sharing enabled
[    5.153656] 00:05: ttyS0 at I/O 0x3f8 (irq = 4, base_baud = 115200) is a 16550A
[    5.219990] Linux agpgart interface v0.103
[    5.220095] agpgart-intel 0000:00:00.0: Intel 440BX Chipset
[    5.221592] agpgart-intel 0000:00:00.0: AGP aperture is 256M @ 0x0
[    5.304505] loop: module loaded
[    5.305085] ata_piix 0000:00:07.1: version 2.13
[    5.308829] scsi host0: ata_piix
[    5.310295] scsi host1: ata_piix
[    5.310396] ata1: PATA max UDMA/33 cmd 0x1f0 ctl 0x3f6 bmdma 0x1060 irq 14
[    5.310398] ata2: PATA max UDMA/33 cmd 0x170 ctl 0x376 bmdma 0x1068 irq 15
[    5.310718] libphy: Fixed MDIO Bus: probed
[    5.310720] tun: Universal TUN/TAP device driver, 1.6
[    5.310769] PPP generic driver version 2.4.2
[    5.310859] VFIO - User Level meta-driver version: 0.3
[    5.312736] ehci_hcd: USB 2.0 'Enhanced' Host Controller (EHCI) Driver
[    5.312745] ehci-pci: EHCI PCI platform driver
[    5.313496] ehci-pci 0000:02:03.0: EHCI Host Controller
[    5.313534] ehci-pci 0000:02:03.0: new USB bus registered, assigned bus number 1
[    5.314128] ehci-pci 0000:02:03.0: irq 17, io mem 0xfd5ef000
[    5.330063] ehci-pci 0000:02:03.0: USB 2.0 started, EHCI 1.00
[    5.330362] usb usb1: New USB device found, idVendor=1d6b, idProduct=0002, bcdDevice= 5.15
[    5.330366] usb usb1: New USB device strings: Mfr=3, Product=2, SerialNumber=1
[    5.330368] usb usb1: Product: EHCI Host Controller
[    5.330369] usb usb1: Manufacturer: Linux 5.15.0-rc7+ ehci_hcd
[    5.330370] usb usb1: SerialNumber: 0000:02:03.0
[    5.330806] hub 1-0:1.0: USB hub found
[    5.330811] hub 1-0:1.0: 6 ports detected
[    5.331296] ehci-platform: EHCI generic platform driver
[    5.331309] ohci_hcd: USB 1.1 'Open' Host Controller (OHCI) Driver
[    5.331312] ohci-pci: OHCI PCI platform driver
[    5.331325] ohci-platform: OHCI generic platform driver
[    5.331343] uhci_hcd: USB Universal Host Controller Interface driver
[    5.331986] uhci_hcd 0000:02:00.0: UHCI Host Controller
[    5.332008] uhci_hcd 0000:02:00.0: new USB bus registered, assigned bus number 2
[    5.332039] uhci_hcd 0000:02:00.0: detected 2 ports
[    5.332272] uhci_hcd 0000:02:00.0: irq 18, io base 0x00002080
[    5.332401] usb usb2: New USB device found, idVendor=1d6b, idProduct=0001, bcdDevice= 5.15
[    5.332403] usb usb2: New USB device strings: Mfr=3, Product=2, SerialNumber=1
[    5.332404] usb usb2: Product: UHCI Host Controller
[    5.332405] usb usb2: Manufacturer: Linux 5.15.0-rc7+ uhci_hcd
[    5.332406] usb usb2: SerialNumber: 0000:02:00.0
[    5.332631] hub 2-0:1.0: USB hub found
[    5.332638] hub 2-0:1.0: 2 ports detected
[    5.332919] i8042: PNP: PS/2 Controller [PNP0303:KBC,PNP0f13:MOUS] at 0x60,0x64 irq 1,12
[    5.334357] serio: i8042 KBD port at 0x60,0x64 irq 1
[    5.334368] serio: i8042 AUX port at 0x60,0x64 irq 12
[    5.334800] mousedev: PS/2 mouse device common for all mice
[    5.337920] input: AT Translated Set 2 keyboard as /devices/platform/i8042/serio0/input/input1
[    5.338004] rtc_cmos 00:01: registered as rtc0
[    5.338517] rtc_cmos 00:01: setting system clock to 2021-11-01T17:12:56 UTC (1635786776)
[    5.338553] rtc_cmos 00:01: alarms up to one month, y3k, 114 bytes nvram, hpet irqs
[    5.338563] i2c_dev: i2c /dev entries driver
[    5.338604] device-mapper: core: CONFIG_IMA_DISABLE_HTABLE is disabled. Duplicate IMA measurements will not be recorded in the IMA log.
[    5.338665] device-mapper: uevent: version 1.0.3
[    5.339036] device-mapper: ioctl: 4.45.0-ioctl (2021-03-22) initialised: dm-devel@redhat.com
[    5.339126] platform eisa.0: Probing EISA bus 0
[    5.339130] platform eisa.0: EISA: Cannot allocate resource for mainboard
[    5.339132] platform eisa.0: Cannot allocate resource for EISA slot 1
[    5.339133] platform eisa.0: Cannot allocate resource for EISA slot 2
[    5.339134] platform eisa.0: Cannot allocate resource for EISA slot 3
[    5.339135] platform eisa.0: Cannot allocate resource for EISA slot 4
[    5.339136] platform eisa.0: Cannot allocate resource for EISA slot 5
[    5.339137] platform eisa.0: Cannot allocate resource for EISA slot 6
[    5.339138] platform eisa.0: Cannot allocate resource for EISA slot 7
[    5.339140] platform eisa.0: Cannot allocate resource for EISA slot 8
[    5.339141] platform eisa.0: EISA: Detected 0 cards
[    5.339153] intel_pstate: CPU model not supported
[    5.339477] ledtrig-cpu: registered to indicate activity on CPUs
[    5.340121] intel_pmc_core intel_pmc_core.0:  initialized
[    5.340396] drop_monitor: Initializing network drop monitor service
[    5.340787] NET: Registered PF_INET6 protocol family
[    5.577926] usb 2-1: new full-speed USB device number 2 using uhci_hcd
[    5.590020] usb 1-1: new high-speed USB device number 2 using ehci-pci
[    5.738454] usb 2-1: New USB device found, idVendor=0e0f, idProduct=0003, bcdDevice= 1.03
[    5.738460] usb 2-1: New USB device strings: Mfr=1, Product=2, SerialNumber=0
[    5.738462] usb 2-1: Product: VMware Virtual USB Mouse
[    5.738463] usb 2-1: Manufacturer: VMware
[    5.759393] usb 1-1: New USB device found, idVendor=0e0f, idProduct=000b, bcdDevice= 1.00
[    5.759400] usb 1-1: New USB device strings: Mfr=1, Product=2, SerialNumber=0
[    5.759402] usb 1-1: Product: VMware Virtual USB Video Device
[    5.759404] usb 1-1: Manufacturer: VMware, Inc.
[    5.870027] usb 2-2: new full-speed USB device number 3 using uhci_hcd
[    6.031441] usb 2-2: New USB device found, idVendor=0e0f, idProduct=0002, bcdDevice= 1.00
[    6.031453] usb 2-2: New USB device strings: Mfr=1, Product=2, SerialNumber=0
[    6.031458] usb 2-2: Product: VMware Virtual USB Hub
[    6.031462] usb 2-2: Manufacturer: VMware, Inc.
[    6.038286] hub 2-2:1.0: USB hub found
[    6.043337] hub 2-2:1.0: 7 ports detected
[    6.354016] usb 2-2.1: new full-speed USB device number 4 using uhci_hcd
[    6.476260] usb 2-2.1: New USB device found, idVendor=0e0f, idProduct=0008, bcdDevice= 1.00
[    6.476268] usb 2-2.1: New USB device strings: Mfr=1, Product=2, SerialNumber=3
[    6.476270] usb 2-2.1: Product: Virtual Bluetooth Adapter
[    6.476272] usb 2-2.1: Manufacturer: VMware
[    6.476274] usb 2-2.1: SerialNumber: 000650268328
[    6.868604] Freeing initrd memory: 52036K
[    6.880515] Segment Routing with IPv6
[    6.880574] In-situ OAM (IOAM) with IPv6
[    6.880600] NET: Registered PF_PACKET protocol family
[    6.880841] Key type dns_resolver registered
[    6.881573] IPI shorthand broadcast: enabled
[    6.881582] sched_clock: Marking stable (6836685073, 44844781)->(7197990048, -316460194)
[    6.890654] registered taskstats version 1
[    6.890884] Loading compiled-in X.509 certificates
[    6.891996] Loaded X.509 cert 'Build time autogenerated kernel key: fe5ef1923e1c1f81a072f027e5e938b4d516da25'
[    7.074261] zswap: loaded using pool lzo/zbud
[    7.075763] Key type ._fscrypt registered
[    7.075766] Key type .fscrypt registered
[    7.075768] Key type fscrypt-provisioning registered
[    7.095442] Key type encrypted registered
[    7.095452] AppArmor: AppArmor sha1 policy hashing enabled
[    7.095465] ima: No TPM chip found, activating TPM-bypass!
[    7.095473] Loading compiled-in module X.509 certificates
[    7.096393] Loaded X.509 cert 'Build time autogenerated kernel key: fe5ef1923e1c1f81a072f027e5e938b4d516da25'
[    7.096397] ima: Allocated hash algorithm: sha1
[    7.096406] ima: No architecture policies found
[    7.096420] evm: Initialising EVM extended attributes:
[    7.096421] evm: security.selinux
[    7.096423] evm: security.SMACK64
[    7.096424] evm: security.SMACK64EXEC
[    7.096425] evm: security.SMACK64TRANSMUTE
[    7.096425] evm: security.SMACK64MMAP
[    7.096426] evm: security.apparmor
[    7.096427] evm: security.ima
[    7.096427] evm: security.capability
[    7.096428] evm: HMAC attrs: 0x1
[    7.097215] PM:   Magic number: 13:77:238
[    7.097368] acpi PNP0C80:1dd: hash matches
[    7.097541] acpi device:81: hash matches
[    7.098688] RAS: Correctable Errors collector initialized.
[    7.127818] Freeing unused decrypted memory: 2036K
[    7.128514] Freeing unused kernel image (initmem) memory: 2876K
[    7.142408] Write protecting the kernel read-only data: 24576k
[    7.143942] Freeing unused kernel image (text/rodata gap) memory: 2036K
[    7.144804] Freeing unused kernel image (rodata/data gap) memory: 656K
[    7.163043] x86/mm: Checked W+X mappings: passed, no W+X pages found.
[    7.163074] Run /init as init process
[    7.163077]   with arguments:
[    7.163079]     /init
[    7.163080]     auto
[    7.163081]     noprompt
[    7.163082]   with environment:
[    7.163083]     HOME=/
[    7.163084]     TERM=linux
[    7.163085]     BOOT_IMAGE=/boot/vmlinuz-5.15.0-rc7+
[    7.163086]     find_preseed=/preseed.cfg
[    7.163086]     priority=critical
[    7.163087]     locale=en_US
[    7.664277] Floppy drive(s): fd0 is 1.44M
[    7.687021] FDC 0 is a post-1991 82077
[    7.716819] hid: raw HID events driver (C) Jiri Kosina
[    7.717074] e1000: Intel(R) PRO/1000 Network Driver
[    7.717076] e1000: Copyright (c) 1999-2006 Intel Corporation.
[    7.717289] ahci 0000:02:04.0: version 3.0
[    7.723179] Fusion MPT base driver 3.04.20
[    7.723183] Copyright (c) 1999-2008 LSI Corporation
[    7.727917] piix4_smbus 0000:00:07.3: SMBus Host Controller not enabled!
[    7.732646] ahci 0000:02:04.0: AHCI 0001.0300 32 slots 30 ports 6 Gbps 0x3fffffff impl SATA mode
[    7.732652] ahci 0000:02:04.0: flags: 64bit ncq clo only 
[    7.739964] Fusion MPT SPI Host driver 3.04.20
[    7.750857] mptbase: ioc0: Initiating bringup
[    7.755190] usbcore: registered new interface driver usbhid
[    7.755193] usbhid: USB HID core driver
[    7.760298] input: VirtualPS/2 VMware VMMouse as /devices/platform/i8042/serio1/input/input4
[    7.760723] input: VirtualPS/2 VMware VMMouse as /devices/platform/i8042/serio1/input/input3
[    7.786610] scsi host2: ahci
[    7.794105] scsi host3: ahci
[    7.795138] scsi host4: ahci
[    7.803224] scsi host5: ahci
[    7.811527] scsi host6: ahci
[    7.816838] scsi host7: ahci
[    7.817596] scsi host8: ahci
[    7.823204] scsi host9: ahci
[    7.823774] scsi host10: ahci
[    7.824648] scsi host11: ahci
[    7.824896] input: VMware VMware Virtual USB Mouse as /devices/pci0000:00/0000:00:11.0/0000:02:00.0/usb2/2-1/2-1:1.0/0003:0E0F:0003.0001/input/input5
[    7.825163] hid-generic 0003:0E0F:0003.0001: input,hidraw0: USB HID v1.10 Mouse [VMware VMware Virtual USB Mouse] on usb-0000:02:00.0-1/input0
[    7.825318] scsi host12: ahci
[    7.833104] scsi host13: ahci
[    7.835342] scsi host14: ahci
[    7.836359] scsi host15: ahci
[    7.838941] scsi host16: ahci
[    7.839609] scsi host17: ahci
[    7.842327] scsi host18: ahci
[    7.846202] scsi host19: ahci
[    7.847409] scsi host20: ahci
[    7.850268] scsi host21: ahci
[    7.850976] scsi host22: ahci
[    7.852068] scsi host23: ahci
[    7.854410] scsi host24: ahci
[    7.858259] scsi host25: ahci
[    7.858737] scsi host26: ahci
[    7.861180] scsi host27: ahci
[    7.865508] scsi host28: ahci
[    7.866512] scsi host29: ahci
[    7.867102] scsi host30: ahci
[    7.867914] scsi host31: ahci
[    7.868241] ata3: SATA max UDMA/133 abar m4096@0xfd5ee000 port 0xfd5ee100 irq 56
[    7.868244] ata4: SATA max UDMA/133 abar m4096@0xfd5ee000 port 0xfd5ee180 irq 56
[    7.868245] ata5: SATA max UDMA/133 abar m4096@0xfd5ee000 port 0xfd5ee200 irq 56
[    7.868246] ata6: SATA max UDMA/133 abar m4096@0xfd5ee000 port 0xfd5ee280 irq 56
[    7.868247] ata7: SATA max UDMA/133 abar m4096@0xfd5ee000 port 0xfd5ee300 irq 56
